<html>
<body>
<pre>
<h1>µVision Build Log</h1>
<h2>Tool Versions:</h2>
IDE-Version: ¦ÌVision V5.14.0.0
Copyright (C) 2015 ARM Ltd and ARM Germany GmbH. All rights reserved.
License Information: lg lg, lg, LIC=TIVNB-2YN0U-QD2KD-8WQBV-AJNCH-L368A
 
Tool Versions:
Toolchain:       MDK-ARM Standard  Version: 5.14.0.0
Toolchain Path:  D:\App\Keil_v5\ARM\ARMCC\Bin
C Compiler:      Armcc.exe V5.05 update 1 (build 106)
Assembler:       Armasm.exe V5.05 update 1 (build 106)
Linker/Locator:  ArmLink.exe V5.05 update 1 (build 106)
Library Manager: ArmAr.exe V5.05 update 1 (build 106)
Hex Converter:   FromElf.exe V5.05 update 1 (build 106)
CPU DLL:         SARMCM3.DLL V5.14.0.0
Dialog DLL:      DCM.DLL V1.13.1.0
Target DLL:      STLink\ST-LINKIII-KEIL_SWO.dll V2.0.14.0_KEIL
Dialog DLL:      TCM.DLL V1.14.4.0
 
<h2>Project:</h2>
D:\KSS\Software\IoT\Code\IoT\STM32CubeMX\MDK-ARM\STM32CubeMX.uvprojx
Project File Date:  02/07/2025

<h2>Output:</h2>
Rebuild target 'STM32CubeMX'
assembling startup_stm32f103xb.s...
compiling main.c...
compiling gpio.c...
compiling i2c.c...
compiling tim.c...
compiling usart.c...
compiling stm32f1xx_it.c...
../Core/Src/stm32f1xx_it.c(253): warning:  #223-D: function "HAL_UART3_IRQHandler" declared implicitly
    HAL_UART3_IRQHandler();
../Core/Src/stm32f1xx_it.c: 1 warning, 0 errors
compiling stm32f1xx_hal_msp.c...
compiling stm32f1xx_hal_gpio_ex.c...
compiling stm32f1xx_hal_i2c.c...
compiling stm32f1xx_hal.c...
compiling stm32f1xx_hal_rcc.c...
compiling stm32f1xx_hal_rcc_ex.c...
compiling stm32f1xx_hal_gpio.c...
compiling stm32f1xx_hal_dma.c...
compiling stm32f1xx_hal_cortex.c...
compiling stm32f1xx_hal_pwr.c...
compiling stm32f1xx_hal_flash.c...
compiling stm32f1xx_hal_flash_ex.c...
compiling stm32f1xx_hal_exti.c...
compiling stm32f1xx_hal_tim.c...
compiling stm32f1xx_hal_tim_ex.c...
compiling stm32f1xx_hal_uart.c...
compiling system_stm32f1xx.c...
compiling core_json.c...
..\User\core_json.c(193): warning:  #186-D: pointless comparison of unsigned integer with zero
      assert( buf[ i ] < '\0' );
..\User\core_json.c(193): warning:  #186-D: pointless comparison of unsigned integer with zero
      assert( buf[ i ] < '\0' );
..\User\core_json.c(255): warning:  #186-D: pointless comparison of unsigned integer with zero
          if( buf[ *start ] >= '\0' )
..\User\core_json.c(471): warning:  #186-D: pointless comparison of unsigned integer with zero
                  if( iscntrl_( c ) )
..\User\core_json.c(531): warning:  #186-D: pointless comparison of unsigned integer with zero
              else if( iscntrl_( buf[ i ] ) )
..\User\core_json.c: 5 warnings, 0 errors
compiling main_program.c...
..\User\flash.h(14): warning:  #1295-D: Deprecated declaration test_flash - give arg types
  void test_flash();
..\User\flash.h(15): warning:  #1-D: last line of file ends without a newline
  #endif
..\User\main_program.c(56): warning:  #223-D: function "test_led" declared implicitly
    test_led();
..\User\main_program.c: 3 warnings, 0 errors
compiling time_handle.c...
compiling uart_printf.c...
compiling utility.c...
compiling syn6288.c...
..\User\SYN6288\syn6288.c(12): warning:  #177-D: variable "receive_data" was declared but never referenced
    unsigned char receive_data = 0;
..\User\SYN6288\syn6288.c: 1 warning, 0 errors
compiling esp8266.c...
..\User\flash.h(14): warning:  #1295-D: Deprecated declaration test_flash - give arg types
  void test_flash();
..\User\flash.h(15): warning:  #1-D: last line of file ends without a newline
  #endif
..\User\esp8266.c(175): warning:  #177-D: variable "data" was declared but never referenced
    uint8_t data[1] = {receivedByte};
..\User\esp8266.c(294): warning:  #111-D: statement is unreachable
    snprintf(mqtt_buf2, sizeof(mqtt_buf2), "AT+MQTTPUB=0,\"%s\",\"{\\\"params\\\":{\\\"led\\\":%d\\}\\,\\\"version\\\":\\\"1.0.0\\\"}\",%d,%d", PUB_TOPIC, 8, 0, 0);
..\User\esp8266.c(363): warning:  #167-D: argument of type "char *" is incompatible with parameter of type "uint8_t *"
      ClearArray(mqtt_buf, sizeof(mqtt_buf));
..\User\esp8266.c(364): warning:  #167-D: argument of type "char *" is incompatible with parameter of type "uint8_t *"
      CopyArray(mqtt_buf, (const uint8_t *)usart2_buf, usart2_count);
..\User\esp8266.c(404): warning:  #167-D: argument of type "char *" is incompatible with parameter of type "uint8_t *"
              syn6288_send_cmd(buf);
..\User\esp8266.c(372): warning:  #177-D: variable "msg_len" was declared but never referenced
        int msg_len = 0;
..\User\esp8266.c(373): warning:  #177-D: variable "json" was declared but never referenced
        uint8_t json[128] = {0};
..\User\esp8266.c(435): warning:  #111-D: statement is unreachable
    if (pass)
..\User\esp8266.c(18): warning:  #177-D: variable "led_status" was declared but never referenced
  static uint8_t led_status;
..\User\esp8266.c: 11 warnings, 0 errors
compiling flash.c...
..\User\flash.h(14): warning:  #1295-D: Deprecated declaration test_flash - give arg types
  void test_flash();
..\User\flash.h(15): warning:  #1-D: last line of file ends without a newline
  #endif
..\User\flash.c(80): warning:  #1-D: last line of file ends without a newline
  }
..\User\flash.c: 3 warnings, 0 errors
compiling led.c...
..\User\led\led.c(31): warning:  #223-D: function "printf" declared implicitly
      printf("HIGH LOW\n");
..\User\led\led.c: 1 warning, 0 errors
linking...
Program Size: Code=11150 RO-data=806 RW-data=48 ZI-data=2496  
FromELF: creating hex file...
"STM32CubeMX\STM32CubeMX.axf" - 0 Error(s), 25 Warning(s).

<h2>Software Packages used:</h2>

Package Vendor: ARM
                http://www.keil.com/pack/ARM.CMSIS.4.2.0.pack
                ARM::CMSIS:CORE:3.40.0
                CMSIS (Cortex Microcontroller Software Interface Standard)
   * Component: CORE Version: 3.40.0

<h2>Collection of Component include folders:</h2>
  D:\KSS\Software\IoT\Code\IoT\STM32CubeMX\MDK-ARM\RTE
  D:\App\Keil_v5\ARM\PACK\ARM\CMSIS\4.2.0\CMSIS\Include
  D:\App\Keil_v5\ARM\PACK\Keil\STM32F1xx_DFP\2.4.1

<h2>Collection of Component Files used:</h2>

   * Component: ARM::CMSIS:CORE:3.40.0
      Source file:   CMSIS\UserCodeTemplates\ARM\ITM_Retarget.c
</pre>
</body>
</html>
