Component: ARM Compiler 5.05 update 1 (build 106) Tool: armlink [4d0efa]

==============================================================================

Section Cross References

    startup_stm32f103xb.o(RESET) refers to startup_stm32f103xb.o(STACK) for __initial_sp
    startup_stm32f103xb.o(RESET) refers to startup_stm32f103xb.o(.text) for Reset_Handler
    startup_stm32f103xb.o(RESET) refers to stm32f1xx_it.o(i.NMI_Handler) for NMI_Handler
    startup_stm32f103xb.o(RESET) refers to stm32f1xx_it.o(i.HardFault_Handler) for HardFault_Handler
    startup_stm32f103xb.o(RESET) refers to stm32f1xx_it.o(i.MemManage_Handler) for MemManage_Handler
    startup_stm32f103xb.o(RESET) refers to stm32f1xx_it.o(i.BusFault_Handler) for BusFault_Handler
    startup_stm32f103xb.o(RESET) refers to stm32f1xx_it.o(i.UsageFault_Handler) for UsageFault_Handler
    startup_stm32f103xb.o(RESET) refers to stm32f1xx_it.o(i.SVC_Handler) for SVC_Handler
    startup_stm32f103xb.o(RESET) refers to stm32f1xx_it.o(i.DebugMon_Handler) for DebugMon_Handler
    startup_stm32f103xb.o(RESET) refers to stm32f1xx_it.o(i.PendSV_Handler) for PendSV_Handler
    startup_stm32f103xb.o(RESET) refers to stm32f1xx_it.o(i.SysTick_Handler) for SysTick_Handler
    startup_stm32f103xb.o(RESET) refers to stm32f1xx_it.o(i.TIM2_IRQHandler) for TIM2_IRQHandler
    startup_stm32f103xb.o(RESET) refers to stm32f1xx_it.o(i.TIM3_IRQHandler) for TIM3_IRQHandler
    startup_stm32f103xb.o(RESET) refers to stm32f1xx_it.o(i.USART2_IRQHandler) for USART2_IRQHandler
    startup_stm32f103xb.o(RESET) refers to stm32f1xx_it.o(i.USART3_IRQHandler) for USART3_IRQHandler
    startup_stm32f103xb.o(.text) refers to system_stm32f1xx.o(i.SystemInit) for SystemInit
    startup_stm32f103xb.o(.text) refers to entry.o(.ARM.Collect$$$$00000000) for __main
    main.o(i.SystemClock_Config) refers to memseta.o(.text) for __aeabi_memclr4
    main.o(i.SystemClock_Config) refers to stm32f1xx_hal_rcc.o(i.HAL_RCC_OscConfig) for HAL_RCC_OscConfig
    main.o(i.SystemClock_Config) refers to stm32f1xx_hal_rcc.o(i.HAL_RCC_ClockConfig) for HAL_RCC_ClockConfig
    main.o(i.main) refers to stm32f1xx_hal.o(i.HAL_Init) for HAL_Init
    main.o(i.main) refers to main.o(i.SystemClock_Config) for SystemClock_Config
    main.o(i.main) refers to gpio.o(i.MX_GPIO_Init) for MX_GPIO_Init
    main.o(i.main) refers to i2c.o(i.MX_I2C1_Init) for MX_I2C1_Init
    main.o(i.main) refers to tim.o(i.MX_TIM2_Init) for MX_TIM2_Init
    main.o(i.main) refers to usart.o(i.MX_USART1_UART_Init) for MX_USART1_UART_Init
    main.o(i.main) refers to usart.o(i.MX_USART2_UART_Init) for MX_USART2_UART_Init
    main.o(i.main) refers to tim.o(i.MX_TIM3_Init) for MX_TIM3_Init
    main.o(i.main) refers to usart.o(i.MX_USART3_UART_Init) for MX_USART3_UART_Init
    main.o(i.main) refers to main_program.o(i.user_init_program) for user_init_program
    main.o(i.main) refers to main_program.o(i.user_main_program) for user_main_program
    gpio.o(i.MX_GPIO_Init) refers to stm32f1xx_hal_gpio.o(i.HAL_GPIO_WritePin) for HAL_GPIO_WritePin
    gpio.o(i.MX_GPIO_Init) refers to stm32f1xx_hal_gpio.o(i.HAL_GPIO_Init) for HAL_GPIO_Init
    i2c.o(i.HAL_I2C_MspDeInit) refers to stm32f1xx_hal_gpio.o(i.HAL_GPIO_DeInit) for HAL_GPIO_DeInit
    i2c.o(i.HAL_I2C_MspInit) refers to stm32f1xx_hal_gpio.o(i.HAL_GPIO_Init) for HAL_GPIO_Init
    i2c.o(i.MX_I2C1_Init) refers to stm32f1xx_hal_i2c.o(i.HAL_I2C_Init) for HAL_I2C_Init
    i2c.o(i.MX_I2C1_Init) refers to main.o(i.Error_Handler) for Error_Handler
    i2c.o(i.MX_I2C1_Init) refers to i2c.o(.bss) for .bss
    tim.o(i.HAL_TIM_Base_MspDeInit) refers to stm32f1xx_hal_cortex.o(i.HAL_NVIC_DisableIRQ) for HAL_NVIC_DisableIRQ
    tim.o(i.HAL_TIM_Base_MspInit) refers to stm32f1xx_hal_cortex.o(i.HAL_NVIC_SetPriority) for HAL_NVIC_SetPriority
    tim.o(i.HAL_TIM_Base_MspInit) refers to stm32f1xx_hal_cortex.o(i.HAL_NVIC_EnableIRQ) for HAL_NVIC_EnableIRQ
    tim.o(i.MX_TIM2_Init) refers to stm32f1xx_hal_tim.o(i.HAL_TIM_Base_Init) for HAL_TIM_Base_Init
    tim.o(i.MX_TIM2_Init) refers to main.o(i.Error_Handler) for Error_Handler
    tim.o(i.MX_TIM2_Init) refers to stm32f1xx_hal_tim.o(i.HAL_TIM_ConfigClockSource) for HAL_TIM_ConfigClockSource
    tim.o(i.MX_TIM2_Init) refers to stm32f1xx_hal_tim_ex.o(i.HAL_TIMEx_MasterConfigSynchronization) for HAL_TIMEx_MasterConfigSynchronization
    tim.o(i.MX_TIM2_Init) refers to tim.o(.bss) for .bss
    tim.o(i.MX_TIM3_Init) refers to stm32f1xx_hal_tim.o(i.HAL_TIM_Base_Init) for HAL_TIM_Base_Init
    tim.o(i.MX_TIM3_Init) refers to main.o(i.Error_Handler) for Error_Handler
    tim.o(i.MX_TIM3_Init) refers to stm32f1xx_hal_tim.o(i.HAL_TIM_ConfigClockSource) for HAL_TIM_ConfigClockSource
    tim.o(i.MX_TIM3_Init) refers to stm32f1xx_hal_tim_ex.o(i.HAL_TIMEx_MasterConfigSynchronization) for HAL_TIMEx_MasterConfigSynchronization
    tim.o(i.MX_TIM3_Init) refers to tim.o(.bss) for .bss
    usart.o(i.HAL_UART_MspDeInit) refers to stm32f1xx_hal_gpio.o(i.HAL_GPIO_DeInit) for HAL_GPIO_DeInit
[...]
    Removing stm32f1xx_hal_tim_ex.o(i.HAL_TIMEx_HallSensor_Start_DMA), (184 bytes).
    Removing stm32f1xx_hal_tim_ex.o(i.HAL_TIMEx_HallSensor_Start_IT), (140 bytes).
    Removing stm32f1xx_hal_tim_ex.o(i.HAL_TIMEx_HallSensor_Stop), (58 bytes).
    Removing stm32f1xx_hal_tim_ex.o(i.HAL_TIMEx_HallSensor_Stop_DMA), (70 bytes).
    Removing stm32f1xx_hal_tim_ex.o(i.HAL_TIMEx_HallSensor_Stop_IT), (68 bytes).
    Removing stm32f1xx_hal_tim_ex.o(i.HAL_TIMEx_OCN_Start), (152 bytes).
    Removing stm32f1xx_hal_tim_ex.o(i.HAL_TIMEx_OCN_Start_DMA), (352 bytes).
    Removing stm32f1xx_hal_tim_ex.o(i.HAL_TIMEx_OCN_Start_IT), (192 bytes).
    Removing stm32f1xx_hal_tim_ex.o(i.HAL_TIMEx_OCN_Stop), (104 bytes).
    Removing stm32f1xx_hal_tim_ex.o(i.HAL_TIMEx_OCN_Stop_DMA), (168 bytes).
    Removing stm32f1xx_hal_tim_ex.o(i.HAL_TIMEx_OCN_Stop_IT), (170 bytes).
    Removing stm32f1xx_hal_tim_ex.o(i.HAL_TIMEx_OnePulseN_Start), (100 bytes).
    Removing stm32f1xx_hal_tim_ex.o(i.HAL_TIMEx_OnePulseN_Start_IT), (120 bytes).
    Removing stm32f1xx_hal_tim_ex.o(i.HAL_TIMEx_OnePulseN_Stop), (98 bytes).
    Removing stm32f1xx_hal_tim_ex.o(i.HAL_TIMEx_OnePulseN_Stop_IT), (120 bytes).
    Removing stm32f1xx_hal_tim_ex.o(i.HAL_TIMEx_PWMN_Start), (152 bytes).
    Removing stm32f1xx_hal_tim_ex.o(i.HAL_TIMEx_PWMN_Start_DMA), (352 bytes).
    Removing stm32f1xx_hal_tim_ex.o(i.HAL_TIMEx_PWMN_Start_IT), (192 bytes).
    Removing stm32f1xx_hal_tim_ex.o(i.HAL_TIMEx_PWMN_Stop), (104 bytes).
    Removing stm32f1xx_hal_tim_ex.o(i.HAL_TIMEx_PWMN_Stop_DMA), (168 bytes).
    Removing stm32f1xx_hal_tim_ex.o(i.HAL_TIMEx_PWMN_Stop_IT), (170 bytes).
    Removing stm32f1xx_hal_tim_ex.o(i.HAL_TIMEx_RemapConfig), (4 bytes).
    Removing stm32f1xx_hal_tim_ex.o(i.TIMEx_DMACommutationCplt), (16 bytes).
    Removing stm32f1xx_hal_tim_ex.o(i.TIMEx_DMACommutationHalfCplt), (16 bytes).
    Removing stm32f1xx_hal_tim_ex.o(i.TIM_CCxNChannelCmd), (26 bytes).
    Removing stm32f1xx_hal_tim_ex.o(i.TIM_DMADelayPulseNCplt), (74 bytes).
    Removing stm32f1xx_hal_tim_ex.o(i.TIM_DMAErrorCCxN), (62 bytes).
    Removing stm32f1xx_hal_uart.o(.rev16_text), (4 bytes).
    Removing stm32f1xx_hal_uart.o(.revsh_text), (4 bytes).
    Removing stm32f1xx_hal_uart.o(.rrx_text), (6 bytes).
    Removing stm32f1xx_hal_uart.o(i.HAL_HalfDuplex_EnableReceiver), (50 bytes).
    Removing stm32f1xx_hal_uart.o(i.HAL_HalfDuplex_EnableTransmitter), (50 bytes).
    Removing stm32f1xx_hal_uart.o(i.HAL_HalfDuplex_Init), (110 bytes).
    Removing stm32f1xx_hal_uart.o(i.HAL_LIN_Init), (130 bytes).
    Removing stm32f1xx_hal_uart.o(i.HAL_LIN_SendBreak), (60 bytes).
    Removing stm32f1xx_hal_uart.o(i.HAL_MultiProcessor_EnterMuteMode), (62 bytes).
    Removing stm32f1xx_hal_uart.o(i.HAL_MultiProcessor_ExitMuteMode), (62 bytes).
    Removing stm32f1xx_hal_uart.o(i.HAL_MultiProcessor_Init), (144 bytes).
    Removing stm32f1xx_hal_uart.o(i.HAL_UARTEx_GetRxEventType), (4 bytes).
    Removing stm32f1xx_hal_uart.o(i.HAL_UARTEx_ReceiveToIdle), (240 bytes).
    Removing stm32f1xx_hal_uart.o(i.HAL_UARTEx_ReceiveToIdle_DMA), (74 bytes).
    Removing stm32f1xx_hal_uart.o(i.HAL_UARTEx_ReceiveToIdle_IT), (78 bytes).
    Removing stm32f1xx_hal_uart.o(i.HAL_UART_Abort), (210 bytes).
    Removing stm32f1xx_hal_uart.o(i.HAL_UART_AbortCpltCallback), (2 bytes).
    Removing stm32f1xx_hal_uart.o(i.HAL_UART_AbortReceive), (148 bytes).
    Removing stm32f1xx_hal_uart.o(i.HAL_UART_AbortReceiveCpltCallback), (2 bytes).
    Removing stm32f1xx_hal_uart.o(i.HAL_UART_AbortReceive_IT), (152 bytes).
    Removing stm32f1xx_hal_uart.o(i.HAL_UART_AbortTransmit), (98 bytes).
    Removing stm32f1xx_hal_uart.o(i.HAL_UART_AbortTransmitCpltCallback), (2 bytes).
    Removing stm32f1xx_hal_uart.o(i.HAL_UART_AbortTransmit_IT), (104 bytes).
    Removing stm32f1xx_hal_uart.o(i.HAL_UART_Abort_IT), (244 bytes).
    Removing stm32f1xx_hal_uart.o(i.HAL_UART_DMAPause), (120 bytes).
    Removing stm32f1xx_hal_uart.o(i.HAL_UART_DMAResume), (114 bytes).
    Removing stm32f1xx_hal_uart.o(i.HAL_UART_DMAStop), (112 bytes).
    Removing stm32f1xx_hal_uart.o(i.HAL_UART_DeInit), (54 bytes).
    Removing stm32f1xx_hal_uart.o(i.HAL_UART_GetError), (4 bytes).
    Removing stm32f1xx_hal_uart.o(i.HAL_UART_GetState), (10 bytes).
    Removing stm32f1xx_hal_uart.o(i.HAL_UART_MspDeInit), (2 bytes).
    Removing stm32f1xx_hal_uart.o(i.HAL_UART_MspInit), (2 bytes).
    Removing stm32f1xx_hal_uart.o(i.HAL_UART_Receive_DMA), (28 bytes).
    Removing stm32f1xx_hal_uart.o(i.HAL_UART_Receive_IT), (28 bytes).
    Removing stm32f1xx_hal_uart.o(i.HAL_UART_RxHalfCpltCallback), (2 bytes).
    Removing stm32f1xx_hal_uart.o(i.HAL_UART_Transmit_DMA), (120 bytes).
    Removing stm32f1xx_hal_uart.o(i.HAL_UART_Transmit_IT), (50 bytes).
    Removing stm32f1xx_hal_uart.o(i.HAL_UART_TxHalfCpltCallback), (2 bytes).
    Removing stm32f1xx_hal_uart.o(i.UART_DMAError), (74 bytes).
    Removing stm32f1xx_hal_uart.o(i.UART_DMAReceiveCplt), (134 bytes).
    Removing stm32f1xx_hal_uart.o(i.UART_DMARxAbortCallback), (44 bytes).
    Removing stm32f1xx_hal_uart.o(i.UART_DMARxHalfCplt), (30 bytes).
    Removing stm32f1xx_hal_uart.o(i.UART_DMARxOnlyAbortCallback), (22 bytes).
    Removing stm32f1xx_hal_uart.o(i.UART_DMATransmitCplt), (66 bytes).
    Removing stm32f1xx_hal_uart.o(i.UART_DMATxAbortCallback), (44 bytes).
    Removing stm32f1xx_hal_uart.o(i.UART_DMATxHalfCplt), (10 bytes).
    Removing stm32f1xx_hal_uart.o(i.UART_DMATxOnlyAbortCallback), (20 bytes).
    Removing stm32f1xx_hal_uart.o(i.UART_EndTxTransfer), (28 bytes).
    Removing stm32f1xx_hal_uart.o(i.UART_Start_Receive_DMA), (144 bytes).
    Removing stm32f1xx_hal_uart.o(i.UART_Start_Receive_IT), (54 bytes).
    Removing system_stm32f1xx.o(.rev16_text), (4 bytes).
    Removing system_stm32f1xx.o(.revsh_text), (4 bytes).
    Removing system_stm32f1xx.o(.rrx_text), (6 bytes).
    Removing system_stm32f1xx.o(i.SystemCoreClockUpdate), (104 bytes).
    Removing core_json.o(i.JSON_Iterate), (170 bytes).
    Removing core_json.o(i.JSON_SearchConst), (100 bytes).
    Removing core_json.o(i.JSON_SearchT), (18 bytes).
    Removing core_json.o(i.JSON_Validate), (94 bytes).
    Removing core_json.o(i.arraySearch), (154 bytes).
    Removing core_json.o(i.getType), (56 bytes).
    Removing core_json.o(i.hexToInt), (34 bytes).
    Removing core_json.o(i.iterate), (130 bytes).
    Removing core_json.o(i.multiSearch), (246 bytes).
    Removing core_json.o(i.nextKeyValuePair), (152 bytes).
    Removing core_json.o(i.nextValue), (98 bytes).
    Removing core_json.o(i.objectSearch), (176 bytes).
    Removing core_json.o(i.skipAnyScalar), (116 bytes).
    Removing core_json.o(i.skipCollection), (168 bytes).
    Removing core_json.o(i.skipDigits), (120 bytes).
    Removing core_json.o(i.skipEscape), (178 bytes).
    Removing core_json.o(i.skipLiteral), (58 bytes).
    Removing core_json.o(i.skipNumber), (182 bytes).
    Removing core_json.o(i.skipObjectScalars), (136 bytes).
    Removing core_json.o(i.skipOneHexEscape), (112 bytes).
    Removing core_json.o(i.skipScalars), (92 bytes).
    Removing core_json.o(i.skipSpace), (44 bytes).
    Removing core_json.o(i.skipSpaceAndComma), (80 bytes).
    Removing core_json.o(i.skipString), (98 bytes).
    Removing core_json.o(i.strnEq), (40 bytes).
    Removing main_program.o(.rev16_text), (4 bytes).
    Removing main_program.o(.revsh_text), (4 bytes).
    Removing main_program.o(.rrx_text), (6 bytes).
    Removing main_program.o(.data), (1 bytes).
    Removing main_program.o(.data), (1 bytes).
    Removing main_program.o(.data), (1 bytes).
    Removing time_handle.o(.rev16_text), (4 bytes).
    Removing time_handle.o(.revsh_text), (4 bytes).
    Removing time_handle.o(.rrx_text), (6 bytes).
    Removing time_handle.o(i.TIM3_IsUpdateInterrupt), (32 bytes).
    Removing uart_printf.o(.rev16_text), (4 bytes).
    Removing uart_printf.o(.revsh_text), (4 bytes).
    Removing uart_printf.o(.rrx_text), (6 bytes).
    Removing utility.o(i.AppendByteArray), (38 bytes).
    Removing utility.o(i.AppendString), (50 bytes).
    Removing syn6288.o(.rev16_text), (4 bytes).
    Removing syn6288.o(.revsh_text), (4 bytes).
    Removing syn6288.o(.rrx_text), (6 bytes).
    Removing syn6288.o(i.TestSYN6288), (36 bytes).
    Removing esp8266.o(.rev16_text), (4 bytes).
    Removing esp8266.o(.revsh_text), (4 bytes).
    Removing esp8266.o(.rrx_text), (6 bytes).
    Removing esp8266.o(i.esp8266_ap), (212 bytes).
    Removing esp8266.o(i.esp8266_board_msg), (76 bytes).
    Removing esp8266.o(i.esp8266_connect_tcp), (68 bytes).
    Removing esp8266.o(i.esp8266_parse_cmd), (72 bytes).
    Removing esp8266.o(i.esp8266_set_wifi), (92 bytes).
    Removing esp8266.o(i.mqtt_test), (2 bytes).
    Removing esp8266.o(.conststring), (50 bytes).
    Removing esp8266.o(.data), (4 bytes).
    Removing flash.o(.rev16_text), (4 bytes).
    Removing flash.o(.revsh_text), (4 bytes).
    Removing flash.o(.rrx_text), (6 bytes).
    Removing flash.o(i.Flash_Write), (108 bytes).
    Removing flash.o(i.print_page_addresses), (64 bytes).
    Removing flash.o(i.test_flash), (184 bytes).
    Removing flash.o(.bss), (256 bytes).
    Removing led.o(.rev16_text), (4 bytes).
    Removing led.o(.revsh_text), (4 bytes).
    Removing led.o(.rrx_text), (6 bytes).
    Removing led.o(i.set_led), (28 bytes).
    Removing dadd.o(.text), (334 bytes).
    Removing dmul.o(.text), (228 bytes).
    Removing ddiv.o(.text), (222 bytes).
    Removing dfixul.o(.text), (48 bytes).
    Removing cdrcmple.o(.text), (48 bytes).
    Removing depilogue.o(.text), (186 bytes).

525 unused section(s) (total 44163 bytes) removed from the image.

==============================================================================

Image Symbol Table

    Local Symbols

    Symbol Name                              Value     Ov Type        Size  Object(Section)

    ../Core/Src/gpio.c                       0x00000000   Number         0  gpio.o ABSOLUTE
    ../Core/Src/i2c.c                        0x00000000   Number         0  i2c.o ABSOLUTE
    ../Core/Src/main.c                       0x00000000   Number         0  main.o ABSOLUTE
    ../Core/Src/stm32f1xx_hal_msp.c          0x00000000   Number         0  stm32f1xx_hal_msp.o ABSOLUTE
    ../Core/Src/stm32f1xx_it.c               0x00000000   Number         0  stm32f1xx_it.o ABSOLUTE
    ../Core/Src/system_stm32f1xx.c           0x00000000   Number         0  system_stm32f1xx.o ABSOLUTE
    ../Core/Src/tim.c                        0x00000000   Number         0  tim.o ABSOLUTE
    ../Core/Src/usart.c                      0x00000000   Number         0  usart.o ABSOLUTE
    ../Drivers/STM32F1xx_HAL_Driver/Src/stm32f1xx_hal.c 0x00000000   Number         0  stm32f1xx_hal.o ABSOLUTE
    ../Drivers/STM32F1xx_HAL_Driver/Src/stm32f1xx_hal_cortex.c 0x00000000   Number         0  stm32f1xx_hal_cortex.o ABSOLUTE
    ../Drivers/STM32F1xx_HAL_Driver/Src/stm32f1xx_hal_dma.c 0x00000000   Number         0  stm32f1xx_hal_dma.o ABSOLUTE
    ../Drivers/STM32F1xx_HAL_Driver/Src/stm32f1xx_hal_exti.c 0x00000000   Number         0  stm32f1xx_hal_exti.o ABSOLUTE
    ../Drivers/STM32F1xx_HAL_Driver/Src/stm32f1xx_hal_flash.c 0x00000000   Number         0  stm32f1xx_hal_flash.o ABSOLUTE
    ../Drivers/STM32F1xx_HAL_Driver/Src/stm32f1xx_hal_flash_ex.c 0x00000000   Number         0  stm32f1xx_hal_flash_ex.o ABSOLUTE
    ../Drivers/STM32F1xx_HAL_Driver/Src/stm32f1xx_hal_gpio.c 0x00000000   Number         0  stm32f1xx_hal_gpio.o ABSOLUTE
    ../Drivers/STM32F1xx_HAL_Driver/Src/stm32f1xx_hal_gpio_ex.c 0x00000000   Number         0  stm32f1xx_hal_gpio_ex.o ABSOLUTE
    ../Drivers/STM32F1xx_HAL_Driver/Src/stm32f1xx_hal_i2c.c 0x00000000   Number         0  stm32f1xx_hal_i2c.o ABSOLUTE
    ../Drivers/STM32F1xx_HAL_Driver/Src/stm32f1xx_hal_pwr.c 0x00000000   Number         0  stm32f1xx_hal_pwr.o ABSOLUTE
    ../Drivers/STM32F1xx_HAL_Driver/Src/stm32f1xx_hal_rcc.c 0x00000000   Number         0  stm32f1xx_hal_rcc.o ABSOLUTE
    ../Drivers/STM32F1xx_HAL_Driver/Src/stm32f1xx_hal_rcc_ex.c 0x00000000   Number         0  stm32f1xx_hal_rcc_ex.o ABSOLUTE
    ../Drivers/STM32F1xx_HAL_Driver/Src/stm32f1xx_hal_tim.c 0x00000000   Number         0  stm32f1xx_hal_tim.o ABSOLUTE
    ../Drivers/STM32F1xx_HAL_Driver/Src/stm32f1xx_hal_tim_ex.c 0x00000000   Number         0  stm32f1xx_hal_tim_ex.o ABSOLUTE
    ../Drivers/STM32F1xx_HAL_Driver/Src/stm32f1xx_hal_uart.c 0x00000000   Number         0  stm32f1xx_hal_uart.o ABSOLUTE
    ../clib/microlib/ctype/ctype.c           0x00000000   Number         0  isalnum_o.o ABSOLUTE
    ../clib/microlib/ctype/ctype.c           0x00000000   Number         0  isxdigit_o.o ABSOLUTE
    ../clib/microlib/ctype/ctype.c           0x00000000   Number         0  isupper_o.o ABSOLUTE
    ../clib/microlib/ctype/ctype.c           0x00000000   Number         0  ispunct_o.o ABSOLUTE
    ../clib/microlib/ctype/ctype.c           0x00000000   Number         0  isprint_o.o ABSOLUTE
    ../clib/microlib/ctype/ctype.c           0x00000000   Number         0  islower_o.o ABSOLUTE
    ../clib/microlib/ctype/ctype.c           0x00000000   Number         0  isspace_o.o ABSOLUTE
    ../clib/microlib/ctype/ctype.c           0x00000000   Number         0  isgraph_o.o ABSOLUTE
    ../clib/microlib/ctype/ctype.c           0x00000000   Number         0  ctype_o.o ABSOLUTE
    ../clib/microlib/ctype/ctype.c           0x00000000   Number         0  isalpha_o.o ABSOLUTE
    ../clib/microlib/ctype/ctype.c           0x00000000   Number         0  isblank_o.o ABSOLUTE
    ../clib/microlib/ctype/ctype.c           0x00000000   Number         0  iscntrl_o.o ABSOLUTE
    ../clib/microlib/ctype/ctype.c           0x00000000   Number         0  isdigit_o.o ABSOLUTE
    ../clib/microlib/division.c              0x00000000   Number         0  uldiv.o ABSOLUTE
    ../clib/microlib/division.c              0x00000000   Number         0  uidiv.o ABSOLUTE
    ../clib/microlib/errno.c                 0x00000000   Number         0  errno.o ABSOLUTE
    ../clib/microlib/init/entry.s            0x00000000   Number         0  entry7b.o ABSOLUTE
    ../clib/microlib/init/entry.s            0x00000000   Number         0  entry7a.o ABSOLUTE
    ../clib/microlib/init/entry.s            0x00000000   Number         0  entry5.o ABSOLUTE
    ../clib/microlib/init/entry.s            0x00000000   Number         0  entry10b.o ABSOLUTE
    ../clib/microlib/init/entry.s            0x00000000   Number         0  entry2.o ABSOLUTE
    ../clib/microlib/init/entry.s            0x00000000   Number         0  entry11a.o ABSOLUTE
    ../clib/microlib/init/entry.s            0x00000000   Number         0  entry9a.o ABSOLUTE
    ../clib/microlib/init/entry.s            0x00000000   Number         0  entry9b.o ABSOLUTE
    ../clib/microlib/init/entry.s            0x00000000   Number         0  entry11b.o ABSOLUTE
    ../clib/microlib/init/entry.s            0x00000000   Number         0  entry8b.o ABSOLUTE
    ../clib/microlib/init/entry.s            0x00000000   Number         0  entry8a.o ABSOLUTE
    ../clib/microlib/init/entry.s            0x00000000   Number         0  entry10a.o ABSOLUTE
    ../clib/microlib/init/entry.s            0x00000000   Number         0  entry.o ABSOLUTE
    ../clib/microlib/longlong.c              0x00000000   Number         0  llushr.o ABSOLUTE
    ../clib/microlib/longlong.c              0x00000000   Number         0  llshl.o ABSOLUTE
    ../clib/microlib/longlong.c              0x00000000   Number         0  llsshr.o ABSOLUTE
    ../clib/microlib/malloc/malloc.c         0x00000000   Number         0  mallocra.o ABSOLUTE
    ../clib/microlib/malloc/malloc.c         0x00000000   Number         0  mallocr.o ABSOLUTE
    ../clib/microlib/malloc/malloc.c         0x00000000   Number         0  malloca.o ABSOLUTE
    ../clib/microlib/malloc/malloc.c         0x00000000   Number         0  malloc.o ABSOLUTE
    ../clib/microlib/malloc/mvars.c          0x00000000   Number         0  mvars.o ABSOLUTE
    ../clib/microlib/printf/printf.c         0x00000000   Number         0  printfa.o ABSOLUTE
    ../clib/microlib/printf/printf.c         0x00000000   Number         0  printfb.o ABSOLUTE
    ../clib/microlib/printf/printf.c         0x00000000   Number         0  printf0.o ABSOLUTE
    ../clib/microlib/printf/printf.c         0x00000000   Number         0  printf1.o ABSOLUTE
    ../clib/microlib/printf/printf.c         0x00000000   Number         0  printf2.o ABSOLUTE
    ../clib/microlib/printf/printf.c         0x00000000   Number         0  printf3.o ABSOLUTE
    ../clib/microlib/printf/printf.c         0x00000000   Number         0  printf4.o ABSOLUTE
    ../clib/microlib/printf/printf.c         0x00000000   Number         0  printf5.o ABSOLUTE
    ../clib/microlib/printf/printf.c         0x00000000   Number         0  printf6.o ABSOLUTE
    ../clib/microlib/printf/printf.c         0x00000000   Number         0  printf7.o ABSOLUTE
    ../clib/microlib/printf/printf.c         0x00000000   Number         0  printf8.o ABSOLUTE
    ../clib/microlib/printf/stubs.s          0x00000000   Number         0  stubs.o ABSOLUTE
    ../clib/microlib/stdio/streams.c         0x00000000   Number         0  stdout.o ABSOLUTE
    ../clib/microlib/stdlib/abort.c          0x00000000   Number         0  abort.o ABSOLUTE
    ../clib/microlib/string/memcpy.c         0x00000000   Number         0  memcpyb.o ABSOLUTE
    ../clib/microlib/string/memcpy.c         0x00000000   Number         0  memcpya.o ABSOLUTE
    ../clib/microlib/string/memset.c         0x00000000   Number         0  memseta.o ABSOLUTE
    ../clib/microlib/string/strcmp.c         0x00000000   Number         0  strcmp.o ABSOLUTE
    ../clib/microlib/string/strcpy.c         0x00000000   Number         0  strcpy.o ABSOLUTE
    ../clib/microlib/string/strlen.c         0x00000000   Number         0  strlen.o ABSOLUTE
    ../clib/microlib/string/strncpy.c        0x00000000   Number         0  strncpy.o ABSOLUTE
    ../clib/microlib/string/strstr.c         0x00000000   Number         0  strstr.o ABSOLUTE
    ../clib/microlib/stubs.s                 0x00000000   Number         0  iusefp.o ABSOLUTE
    ../clib/scanf.c                          0x00000000   Number         0  strtol.o ABSOLUTE
    ../clib/scanf.c                          0x00000000   Number         0  atoi.o ABSOLUTE
    ../clib/scanf.c                          0x00000000   Number         0  _chval.o ABSOLUTE
    ../clib/scanf.c                          0x00000000   Number         0  _strtoul.o ABSOLUTE
    ../fplib/microlib/fpadd.c                0x00000000   Number         0  dadd.o ABSOLUTE
    ../fplib/microlib/fpdiv.c                0x00000000   Number         0  ddiv.o ABSOLUTE
    ../fplib/microlib/fpepilogue.c           0x00000000   Number         0  depilogue.o ABSOLUTE
    ../fplib/microlib/fpfix.c                0x00000000   Number         0  dfixul.o ABSOLUTE
    ../fplib/microlib/fpmul.c                0x00000000   Number         0  dmul.o ABSOLUTE
    ..\Core\Src\gpio.c                       0x00000000   Number         0  gpio.o ABSOLUTE
    ..\Core\Src\i2c.c                        0x00000000   Number         0  i2c.o ABSOLUTE
    ..\Core\Src\main.c                       0x00000000   Number         0  main.o ABSOLUTE
    ..\Core\Src\stm32f1xx_hal_msp.c          0x00000000   Number         0  stm32f1xx_hal_msp.o ABSOLUTE
    ..\Core\Src\stm32f1xx_it.c               0x00000000   Number         0  stm32f1xx_it.o ABSOLUTE
    ..\Core\Src\system_stm32f1xx.c           0x00000000   Number         0  system_stm32f1xx.o ABSOLUTE
    ..\Core\Src\tim.c                        0x00000000   Number         0  tim.o ABSOLUTE
    ..\Core\Src\usart.c                      0x00000000   Number         0  usart.o ABSOLUTE
    ..\Drivers\STM32F1xx_HAL_Driver\Src\stm32f1xx_hal.c 0x00000000   Number         0  stm32f1xx_hal.o ABSOLUTE
    ..\Drivers\STM32F1xx_HAL_Driver\Src\stm32f1xx_hal_cortex.c 0x00000000   Number         0  stm32f1xx_hal_cortex.o ABSOLUTE
    ..\Drivers\STM32F1xx_HAL_Driver\Src\stm32f1xx_hal_dma.c 0x00000000   Number         0  stm32f1xx_hal_dma.o ABSOLUTE
    ..\Drivers\STM32F1xx_HAL_Driver\Src\stm32f1xx_hal_exti.c 0x00000000   Number         0  stm32f1xx_hal_exti.o ABSOLUTE
    ..\Drivers\STM32F1xx_HAL_Driver\Src\stm32f1xx_hal_flash.c 0x00000000   Number         0  stm32f1xx_hal_flash.o ABSOLUTE
    ..\Drivers\STM32F1xx_HAL_Driver\Src\stm32f1xx_hal_flash_ex.c 0x00000000   Number         0  stm32f1xx_hal_flash_ex.o ABSOLUTE
    ..\Drivers\STM32F1xx_HAL_Driver\Src\stm32f1xx_hal_gpio.c 0x00000000   Number         0  stm32f1xx_hal_gpio.o ABSOLUTE
    ..\Drivers\STM32F1xx_HAL_Driver\Src\stm32f1xx_hal_gpio_ex.c 0x00000000   Number         0  stm32f1xx_hal_gpio_ex.o ABSOLUTE
    ..\Drivers\STM32F1xx_HAL_Driver\Src\stm32f1xx_hal_i2c.c 0x00000000   Number         0  stm32f1xx_hal_i2c.o ABSOLUTE
    ..\Drivers\STM32F1xx_HAL_Driver\Src\stm32f1xx_hal_pwr.c 0x00000000   Number         0  stm32f1xx_hal_pwr.o ABSOLUTE
    ..\Drivers\STM32F1xx_HAL_Driver\Src\stm32f1xx_hal_rcc.c 0x00000000   Number         0  stm32f1xx_hal_rcc.o ABSOLUTE
    ..\Drivers\STM32F1xx_HAL_Driver\Src\stm32f1xx_hal_rcc_ex.c 0x00000000   Number         0  stm32f1xx_hal_rcc_ex.o ABSOLUTE
    ..\Drivers\STM32F1xx_HAL_Driver\Src\stm32f1xx_hal_tim.c 0x00000000   Number         0  stm32f1xx_hal_tim.o ABSOLUTE
    ..\Drivers\STM32F1xx_HAL_Driver\Src\stm32f1xx_hal_tim_ex.c 0x00000000   Number         0  stm32f1xx_hal_tim_ex.o ABSOLUTE
    ..\Drivers\STM32F1xx_HAL_Driver\Src\stm32f1xx_hal_uart.c 0x00000000   Number         0  stm32f1xx_hal_uart.o ABSOLUTE
    ..\User\SYN6288\syn6288.c                0x00000000   Number         0  syn6288.o ABSOLUTE
    ..\User\core_json.c                      0x00000000   Number         0  core_json.o ABSOLUTE
    ..\User\esp8266.c                        0x00000000   Number         0  esp8266.o ABSOLUTE
    ..\User\flash.c                          0x00000000   Number         0  flash.o ABSOLUTE
    ..\User\led\led.c                        0x00000000   Number         0  led.o ABSOLUTE
    ..\User\main_program.c                   0x00000000   Number         0  main_program.o ABSOLUTE
    ..\User\time_handle.c                    0x00000000   Number         0  time_handle.o ABSOLUTE
    ..\User\uart_printf.c                    0x00000000   Number         0  uart_printf.o ABSOLUTE
    ..\User\utility.c                        0x00000000   Number         0  utility.o ABSOLUTE
    ..\\User\\SYN6288\\syn6288.c             0x00000000   Number         0  syn6288.o ABSOLUTE
    ..\\User\\esp8266.c                      0x00000000   Number         0  esp8266.o ABSOLUTE
    ..\\User\\flash.c                        0x00000000   Number         0  flash.o ABSOLUTE
    ..\\User\\led\\led.c                     0x00000000   Number         0  led.o ABSOLUTE
    ..\\User\\main_program.c                 0x00000000   Number         0  main_program.o ABSOLUTE
    ..\\User\\time_handle.c                  0x00000000   Number         0  time_handle.o ABSOLUTE
    ..\\User\\uart_printf.c                  0x00000000   Number         0  uart_printf.o ABSOLUTE
    cdrcmple.s                               0x00000000   Number         0  cdrcmple.o ABSOLUTE
    dc.s                                     0x00000000   Number         0  dc.o ABSOLUTE
    handlers.s                               0x00000000   Number         0  handlers.o ABSOLUTE
    init.s                                   0x00000000   Number         0  init.o ABSOLUTE
    startup_stm32f103xb.s                    0x00000000   Number         0  startup_stm32f103xb.o ABSOLUTE
    RESET                                    0x08000000   Section      236  startup_stm32f103xb.o(RESET)
    .ARM.Collect$$$$00000000                 0x080000ec   Section        0  entry.o(.ARM.Collect$$$$00000000)
    .ARM.Collect$$$$00000001                 0x080000ec   Section        4  entry2.o(.ARM.Collect$$$$00000001)
    .ARM.Collect$$$$00000004                 0x080000f0   Section        4  entry5.o(.ARM.Collect$$$$00000004)
    .ARM.Collect$$$$00000008                 0x080000f4   Section        0  entry7b.o(.ARM.Collect$$$$00000008)
    .ARM.Collect$$$$0000000A                 0x080000f4   Section        0  entry8b.o(.ARM.Collect$$$$0000000A)
    .ARM.Collect$$$$0000000B                 0x080000f4   Section        8  entry9a.o(.ARM.Collect$$$$0000000B)
    .ARM.Collect$$$$0000000D                 0x080000fc   Section        0  entry10a.o(.ARM.Collect$$$$0000000D)
    .ARM.Collect$$$$0000000F                 0x080000fc   Section        0  entry11a.o(.ARM.Collect$$$$0000000F)
    .ARM.Collect$$$$00002712                 0x080000fc   Section        4  entry2.o(.ARM.Collect$$$$00002712)
    __lit__00000000                          0x080000fc   Data           4  entry2.o(.ARM.Collect$$$$00002712)
    .text                                    0x08000100   Section       36  startup_stm32f103xb.o(.text)
    .text                                    0x08000124   Section        0  llushr.o(.text)
    .text                                    0x08000144   Section        0  memcpya.o(.text)
    .text                                    0x08000168   Section        0  memseta.o(.text)
    .text                                    0x0800018c   Section        0  strstr.o(.text)
    .text                                    0x080001b0   Section        0  strncpy.o(.text)
    .text                                    0x080001c8   Section        0  strlen.o(.text)
    .text                                    0x080001d6   Section        0  strcmp.o(.text)
    .text                                    0x080001f2   Section        0  atoi.o(.text)
    .text                                    0x0800020c   Section        0  uldiv.o(.text)
    .text                                    0x0800026e   Section        0  strtol.o(.text)
    .text                                    0x080002e0   Section       36  init.o(.text)
    .text                                    0x08000304   Section        0  llshl.o(.text)
    .text                                    0x08000324   Section        0  ctype_o.o(.text)
    .text                                    0x0800032c   Section        0  _strtoul.o(.text)
    .text                                    0x080003ca   Section        0  _chval.o(.text)
    i.APP_Delay                              0x080003e6   Section        0  utility.o(i.APP_Delay)
    i.BusFault_Handler                       0x080003fc   Section        0  stm32f1xx_it.o(i.BusFault_Handler)
    i.ClearArray                             0x080003fe   Section        0  utility.o(i.ClearArray)
    i.CopyArray                              0x08000402   Section        0  utility.o(i.CopyArray)
    i.DebugMon_Handler                       0x08000410   Section        0  stm32f1xx_it.o(i.DebugMon_Handler)
    i.Error_Handler                          0x08000412   Section        0  main.o(i.Error_Handler)
    i.Flash_Read                             0x08000418   Section        0  flash.o(i.Flash_Read)
    i.HAL_DMA_Abort                          0x08000432   Section        0  stm32f1xx_hal_dma.o(i.HAL_DMA_Abort)
    i.HAL_DMA_Abort_IT                       0x08000478   Section        0  stm32f1xx_hal_dma.o(i.HAL_DMA_Abort_IT)
    i.HAL_Delay                              0x08000510   Section        0  stm32f1xx_hal.o(i.HAL_Delay)
    i.HAL_GPIO_Init                          0x08000534   Section        0  stm32f1xx_hal_gpio.o(i.HAL_GPIO_Init)
    i.HAL_GPIO_WritePin                      0x08000714   Section        0  stm32f1xx_hal_gpio.o(i.HAL_GPIO_WritePin)
    i.HAL_GetTick                            0x08000720   Section        0  stm32f1xx_hal.o(i.HAL_GetTick)
    i.HAL_I2C_Init                           0x0800072c   Section        0  stm32f1xx_hal_i2c.o(i.HAL_I2C_Init)
    i.HAL_I2C_MspInit                        0x080008b4   Section        0  i2c.o(i.HAL_I2C_MspInit)
    i.HAL_IncTick                            0x08000924   Section        0  stm32f1xx_hal.o(i.HAL_IncTick)
    i.HAL_Init                               0x08000934   Section        0  stm32f1xx_hal.o(i.HAL_Init)
    i.HAL_InitTick                           0x08000958   Section        0  stm32f1xx_hal.o(i.HAL_InitTick)
    i.HAL_MspInit                            0x08000998   Section        0  stm32f1xx_hal_msp.o(i.HAL_MspInit)
    i.HAL_NVIC_EnableIRQ                     0x080009d4   Section        0  stm32f1xx_hal_cortex.o(i.HAL_NVIC_EnableIRQ)
    i.HAL_NVIC_SetPriority                   0x080009f0   Section        0  stm32f1xx_hal_cortex.o(i.HAL_NVIC_SetPriority)
    i.HAL_NVIC_SetPriorityGrouping           0x08000a30   Section        0  stm32f1xx_hal_cortex.o(i.HAL_NVIC_SetPriorityGrouping)
    i.HAL_RCC_ClockConfig                    0x08000a54   Section        0  stm32f1xx_hal_rcc.o(i.HAL_RCC_ClockConfig)
    i.HAL_RCC_GetPCLK1Freq                   0x08000b80   Section        0  stm32f1xx_hal_rcc.o(i.HAL_RCC_GetPCLK1Freq)
    i.HAL_RCC_GetPCLK2Freq                   0x08000ba0   Section        0  stm32f1xx_hal_rcc.o(i.HAL_RCC_GetPCLK2Freq)
    i.HAL_RCC_GetSysClockFreq                0x08000bc0   Section        0  stm32f1xx_hal_rcc.o(i.HAL_RCC_GetSysClockFreq)
    i.HAL_RCC_OscConfig                      0x08000c0c   Section        0  stm32f1xx_hal_rcc.o(i.HAL_RCC_OscConfig)
    i.HAL_SYSTICK_Config                     0x08000f2c   Section        0  stm32f1xx_hal_cortex.o(i.HAL_SYSTICK_Config)
    i.HAL_TIMEx_BreakCallback                0x08000f54   Section        0  stm32f1xx_hal_tim_ex.o(i.HAL_TIMEx_BreakCallback)
    i.HAL_TIMEx_CommutCallback               0x08000f56   Section        0  stm32f1xx_hal_tim_ex.o(i.HAL_TIMEx_CommutCallback)
    i.HAL_TIMEx_MasterConfigSynchronization  0x08000f58   Section        0  stm32f1xx_hal_tim_ex.o(i.HAL_TIMEx_MasterConfigSynchronization)
    i.HAL_TIM_Base_Init                      0x08000fc0   Section        0  stm32f1xx_hal_tim.o(i.HAL_TIM_Base_Init)
    i.HAL_TIM_Base_MspInit                   0x0800101c   Section        0  tim.o(i.HAL_TIM_Base_MspInit)
    i.HAL_TIM_Base_Start_IT                  0x0800107c   Section        0  stm32f1xx_hal_tim.o(i.HAL_TIM_Base_Start_IT)
    i.HAL_TIM_Base_Stop_IT                   0x080010d4   Section        0  stm32f1xx_hal_tim.o(i.HAL_TIM_Base_Stop_IT)
    i.HAL_TIM_ConfigClockSource              0x08001104   Section        0  stm32f1xx_hal_tim.o(i.HAL_TIM_ConfigClockSource)
    i.HAL_TIM_IC_CaptureCallback             0x080011e0   Section        0  stm32f1xx_hal_tim.o(i.HAL_TIM_IC_CaptureCallback)
    i.HAL_TIM_IRQHandler                     0x080011e2   Section        0  stm32f1xx_hal_tim.o(i.HAL_TIM_IRQHandler)
    i.HAL_TIM_OC_DelayElapsedCallback        0x08001312   Section        0  stm32f1xx_hal_tim.o(i.HAL_TIM_OC_DelayElapsedCallback)
    i.HAL_TIM_PWM_PulseFinishedCallback      0x08001314   Section        0  stm32f1xx_hal_tim.o(i.HAL_TIM_PWM_PulseFinishedCallback)
    i.HAL_TIM_PeriodElapsedCallback          0x08001318   Section        0  time_handle.o(i.HAL_TIM_PeriodElapsedCallback)
    i.HAL_TIM_TriggerCallback                0x0800135c   Section        0  stm32f1xx_hal_tim.o(i.HAL_TIM_TriggerCallback)
    i.HAL_UART2_IRQHandler                   0x08001360   Section        0  esp8266.o(i.HAL_UART2_IRQHandler)
    i.HAL_UART3_IRQHandler                   0x080013ac   Section        0  syn6288.o(i.HAL_UART3_IRQHandler)
    i.HAL_UARTEx_RxEventCallback             0x080013d8   Section        0  stm32f1xx_hal_uart.o(i.HAL_UARTEx_RxEventCallback)
    i.HAL_UART_ErrorCallback                 0x080013da   Section        0  stm32f1xx_hal_uart.o(i.HAL_UART_ErrorCallback)
    i.HAL_UART_IRQHandler                    0x080013dc   Section        0  stm32f1xx_hal_uart.o(i.HAL_UART_IRQHandler)
    i.HAL_UART_Init                          0x08001648   Section        0  stm32f1xx_hal_uart.o(i.HAL_UART_Init)
    i.HAL_UART_MspInit                       0x080016ac   Section        0  usart.o(i.HAL_UART_MspInit)
    i.HAL_UART_Receive                       0x080017d4   Section        0  stm32f1xx_hal_uart.o(i.HAL_UART_Receive)
    i.HAL_UART_RxCpltCallback                0x08001884   Section        0  stm32f1xx_hal_uart.o(i.HAL_UART_RxCpltCallback)
    i.HAL_UART_Transmit                      0x08001886   Section        0  stm32f1xx_hal_uart.o(i.HAL_UART_Transmit)
    i.HAL_UART_TxCpltCallback                0x08001926   Section        0  stm32f1xx_hal_uart.o(i.HAL_UART_TxCpltCallback)
    i.HardFault_Handler                      0x08001928   Section        0  stm32f1xx_it.o(i.HardFault_Handler)
    i.MX_GPIO_Init                           0x0800192c   Section        0  gpio.o(i.MX_GPIO_Init)
    i.MX_I2C1_Init                           0x080019ac   Section        0  i2c.o(i.MX_I2C1_Init)
    i.MX_TIM2_Init                           0x080019ec   Section        0  tim.o(i.MX_TIM2_Init)
    i.MX_TIM3_Init                           0x08001a50   Section        0  tim.o(i.MX_TIM3_Init)
    i.MX_USART1_UART_Init                    0x08001ab8   Section        0  usart.o(i.MX_USART1_UART_Init)
    i.MX_USART2_UART_Init                    0x08001af0   Section        0  usart.o(i.MX_USART2_UART_Init)
    i.MX_USART3_UART_Init                    0x08001b28   Section        0  usart.o(i.MX_USART3_UART_Init)
    i.MemManage_Handler                      0x08001b60   Section        0  stm32f1xx_it.o(i.MemManage_Handler)
    i.NMI_Handler                            0x08001b62   Section        0  stm32f1xx_it.o(i.NMI_Handler)
    i.PendSV_Handler                         0x08001b64   Section        0  stm32f1xx_it.o(i.PendSV_Handler)
    i.SVC_Handler                            0x08001b66   Section        0  stm32f1xx_it.o(i.SVC_Handler)
    i.SYN6288_ReceivedData                   0x08001b68   Section        0  esp8266.o(i.SYN6288_ReceivedData)
    i.SysTick_Handler                        0x08001b80   Section        0  stm32f1xx_it.o(i.SysTick_Handler)
    i.SystemClock_Config                     0x08001b84   Section        0  main.o(i.SystemClock_Config)
    i.SystemInit                             0x08001bd4   Section        0  system_stm32f1xx.o(i.SystemInit)
    i.TIM2_IRQHandler                        0x08001bd8   Section        0  stm32f1xx_it.o(i.TIM2_IRQHandler)
    i.TIM2_Start                             0x08001be4   Section        0  time_handle.o(i.TIM2_Start)
    i.TIM3_IRQHandler                        0x08001bf0   Section        0  stm32f1xx_it.o(i.TIM3_IRQHandler)
    i.TIM3_PeriodElapsedCallback             0x08001bfc   Section        0  esp8266.o(i.TIM3_PeriodElapsedCallback)
    i.TIM3_Reset                             0x08001c14   Section        0  time_handle.o(i.TIM3_Reset)
    i.TIM3_Start                             0x08001c28   Section        0  time_handle.o(i.TIM3_Start)
    i.TIM3_Stop                              0x08001c34   Section        0  time_handle.o(i.TIM3_Stop)
    i.TIM_Base_SetConfig                     0x08001c40   Section        0  stm32f1xx_hal_tim.o(i.TIM_Base_SetConfig)
    i.TIM_ETR_SetConfig                      0x08001cb8   Section        0  stm32f1xx_hal_tim.o(i.TIM_ETR_SetConfig)
    i.TIM_ITRx_SetConfig                     0x08001ccc   Section        0  stm32f1xx_hal_tim.o(i.TIM_ITRx_SetConfig)
    TIM_ITRx_SetConfig                       0x08001ccd   Thumb Code    16  stm32f1xx_hal_tim.o(i.TIM_ITRx_SetConfig)
    i.TIM_TI1_ConfigInputStage               0x08001cdc   Section        0  stm32f1xx_hal_tim.o(i.TIM_TI1_ConfigInputStage)
    TIM_TI1_ConfigInputStage                 0x08001cdd   Thumb Code    34  stm32f1xx_hal_tim.o(i.TIM_TI1_ConfigInputStage)
    i.TIM_TI2_ConfigInputStage               0x08001cfe   Section        0  stm32f1xx_hal_tim.o(i.TIM_TI2_ConfigInputStage)
    TIM_TI2_ConfigInputStage                 0x08001cff   Thumb Code    36  stm32f1xx_hal_tim.o(i.TIM_TI2_ConfigInputStage)
    i.UART_DMAAbortOnError                   0x08001d22   Section        0  stm32f1xx_hal_uart.o(i.UART_DMAAbortOnError)
    UART_DMAAbortOnError                     0x08001d23   Thumb Code    16  stm32f1xx_hal_uart.o(i.UART_DMAAbortOnError)
    i.UART_EndRxTransfer                     0x08001d32   Section        0  stm32f1xx_hal_uart.o(i.UART_EndRxTransfer)
    UART_EndRxTransfer                       0x08001d33   Thumb Code    78  stm32f1xx_hal_uart.o(i.UART_EndRxTransfer)
    i.UART_Receive_IT                        0x08001d80   Section        0  stm32f1xx_hal_uart.o(i.UART_Receive_IT)
    UART_Receive_IT                          0x08001d81   Thumb Code   194  stm32f1xx_hal_uart.o(i.UART_Receive_IT)
    i.UART_SetConfig                         0x08001e44   Section        0  stm32f1xx_hal_uart.o(i.UART_SetConfig)
    UART_SetConfig                           0x08001e45   Thumb Code   178  stm32f1xx_hal_uart.o(i.UART_SetConfig)
    i.UART_WaitOnFlagUntilTimeout            0x08001efc   Section        0  stm32f1xx_hal_uart.o(i.UART_WaitOnFlagUntilTimeout)
    UART_WaitOnFlagUntilTimeout              0x08001efd   Thumb Code   114  stm32f1xx_hal_uart.o(i.UART_WaitOnFlagUntilTimeout)
    i.USART2_IRQHandler                      0x08001f70   Section        0  stm32f1xx_it.o(i.USART2_IRQHandler)
    i.USART3_IRQHandler                      0x08001f84   Section        0  stm32f1xx_it.o(i.USART3_IRQHandler)
    i.UsageFault_Handler                     0x08001f98   Section        0  stm32f1xx_it.o(i.UsageFault_Handler)
    i.__0printf$8                            0x08001f9c   Section        0  printf8.o(i.__0printf$8)
    i.__0snprintf$8                          0x08001fbc   Section        0  printf8.o(i.__0snprintf$8)
    i.__NVIC_SetPriority                     0x08001fe4   Section        0  stm32f1xx_hal_cortex.o(i.__NVIC_SetPriority)
    __NVIC_SetPriority                       0x08001fe5   Thumb Code    32  stm32f1xx_hal_cortex.o(i.__NVIC_SetPriority)
    i.__aeabi_errno_addr                     0x08002004   Section        0  errno.o(i.__aeabi_errno_addr)
    i.__scatterload_copy                     0x0800200c   Section       14  handlers.o(i.__scatterload_copy)
    i.__scatterload_null                     0x0800201a   Section        2  handlers.o(i.__scatterload_null)
    i.__scatterload_zeroinit                 0x0800201c   Section       14  handlers.o(i.__scatterload_zeroinit)
    i._printf_core                           0x0800202c   Section        0  printf8.o(i._printf_core)
    _printf_core                             0x0800202d   Thumb Code   996  printf8.o(i._printf_core)
    i._printf_post_padding                   0x0800243c   Section        0  printf8.o(i._printf_post_padding)
    _printf_post_padding                     0x0800243d   Thumb Code    36  printf8.o(i._printf_post_padding)
    i._printf_pre_padding                    0x08002460   Section        0  printf8.o(i._printf_pre_padding)
    _printf_pre_padding                      0x08002461   Thumb Code    46  printf8.o(i._printf_pre_padding)
    i._snputc                                0x0800248e   Section        0  printf8.o(i._snputc)
    _snputc                                  0x0800248f   Thumb Code    22  printf8.o(i._snputc)
    i.check_cmd                              0x080024a4   Section        0  esp8266.o(i.check_cmd)
    i.esp8266_connect_wifi                   0x080024d0   Section        0  esp8266.o(i.esp8266_connect_wifi)
    i.esp8266_init                           0x08002510   Section        0  esp8266.o(i.esp8266_init)
    i.esp8266_reset                          0x0800253c   Section        0  esp8266.o(i.esp8266_reset)
    i.esp8266_send_cmd                       0x080025a0   Section        0  esp8266.o(i.esp8266_send_cmd)
    i.esp8266_sta                            0x080025e8   Section        0  esp8266.o(i.esp8266_sta)
    i.esp8266_try_send_cmd                   0x08002620   Section        0  esp8266.o(i.esp8266_try_send_cmd)
    i.fputc                                  0x080026ac   Section        0  uart_printf.o(i.fputc)
    i.free                                   0x080026c4   Section        0  malloc.o(i.free)
    i.main                                   0x08002714   Section        0  main.o(i.main)
    i.malloc                                 0x08002744   Section        0  malloc.o(i.malloc)
    i.mqtt_start                             0x080027b0   Section        0  esp8266.o(i.mqtt_start)
    i.parse_json                             0x08002a3c   Section        0  esp8266.o(i.parse_json)
    i.syn6288_send_cmd                       0x08002a88   Section        0  syn6288.o(i.syn6288_send_cmd)
    i.test_led                               0x08002b10   Section        0  led.o(i.test_led)
    i.uart2_clear_recv                       0x08002b90   Section        0  esp8266.o(i.uart2_clear_recv)
    i.uart2_send                             0x08002bc0   Section        0  esp8266.o(i.uart2_send)
    i.uart2_wait_recv                        0x08002c00   Section        0  esp8266.o(i.uart2_wait_recv)
    i.uart3_send                             0x08002c30   Section        0  syn6288.o(i.uart3_send)
    i.user_init_program                      0x08002c44   Section        0  main_program.o(i.user_init_program)
    i.user_main_program                      0x08002c78   Section        0  main_program.o(i.user_main_program)
    .constdata                               0x08002c7a   Section       18  stm32f1xx_hal_rcc.o(.constdata)
    aPredivFactorTable                       0x08002c7a   Data           2  stm32f1xx_hal_rcc.o(.constdata)
    aPLLMULFactorTable                       0x08002c7c   Data          16  stm32f1xx_hal_rcc.o(.constdata)
    .constdata                               0x08002c8c   Section       16  system_stm32f1xx.o(.constdata)
    .constdata                               0x08002c9c   Section        8  system_stm32f1xx.o(.constdata)
    .constdata                               0x08002ca4   Section      129  ctype_o.o(.constdata)
    .constdata                               0x08002d28   Section        4  ctype_o.o(.constdata)
    table                                    0x08002d28   Data           4  ctype_o.o(.constdata)
    .conststring                             0x08002d2c   Section      360  esp8266.o(.conststring)
    .data                                    0x20000000   Section       12  stm32f1xx_hal.o(.data)
    .data                                    0x2000000c   Section        4  system_stm32f1xx.o(.data)
    .data                                    0x20000010   Section        8  time_handle.o(.data)
    index_10ms                               0x20000010   Data           2  time_handle.o(.data)
    .data                                    0x20000018   Section        8  esp8266.o(.data)
    it                                       0x20000018   Data           1  esp8266.o(.data)
    .data                                    0x20000020   Section        4  stdout.o(.data)
    .data                                    0x20000024   Section        4  mvars.o(.data)
    .data                                    0x20000028   Section        4  mvars.o(.data)
    .data                                    0x2000002c   Section        4  errno.o(.data)
    _errno                                   0x2000002c   Data           4  errno.o(.data)
    .bss                                     0x20000030   Section       84  i2c.o(.bss)
    .bss                                     0x20000084   Section      144  tim.o(.bss)
    .bss                                     0x20000114   Section      216  usart.o(.bss)
    .bss                                     0x200001ec   Section      512  esp8266.o(.bss)
    HEAP                                     0x200003f0   Section      512  startup_stm32f103xb.o(HEAP)
    STACK                                    0x200005f0   Section     1024  startup_stm32f103xb.o(STACK)

    Global Symbols

    Symbol Name                              Value     Ov Type        Size  Object(Section)

    BuildAttributes$$THM_ISAv4$P$D$K$B$S$PE$A:L22UL41UL21$X:L11$S22US41US21$IEEE1$IW$USESV6$~STKCKD$USESV7$~SHL$OSPACE$ROPI$EBA8$MICROLIB$REQ8$PRES8$EABIv2 0x00000000   Number         0  anon$$obj.o ABSOLUTE
    __ARM_use_no_argv                        0x00000000   Number         0  main.o ABSOLUTE
    _printf_a                                0x00000000   Number         0  stubs.o ABSOLUTE
    _printf_c                                0x00000000   Number         0  stubs.o ABSOLUTE
    _printf_charcount                        0x00000000   Number         0  stubs.o ABSOLUTE
    _printf_d                                0x00000000   Number         0  stubs.o ABSOLUTE
    _printf_e                                0x00000000   Number         0  stubs.o ABSOLUTE
    _printf_f                                0x00000000   Number         0  stubs.o ABSOLUTE
    _printf_flags                            0x00000000   Number         0  stubs.o ABSOLUTE
    _printf_fp_dec                           0x00000000   Number         0  stubs.o ABSOLUTE
    _printf_fp_hex                           0x00000000   Number         0  stubs.o ABSOLUTE
    _printf_g                                0x00000000   Number         0  stubs.o ABSOLUTE
    _printf_i                                0x00000000   Number         0  stubs.o ABSOLUTE
    _printf_int_dec                          0x00000000   Number         0  stubs.o ABSOLUTE
    _printf_l                                0x00000000   Number         0  stubs.o ABSOLUTE
    _printf_lc                               0x00000000   Number         0  stubs.o ABSOLUTE
    _printf_ll                               0x00000000   Number         0  stubs.o ABSOLUTE
    _printf_lld                              0x00000000   Number         0  stubs.o ABSOLUTE
    _printf_lli                              0x00000000   Number         0  stubs.o ABSOLUTE
    _printf_llo                              0x00000000   Number         0  stubs.o ABSOLUTE
    _printf_llu                              0x00000000   Number         0  stubs.o ABSOLUTE
    _printf_llx                              0x00000000   Number         0  stubs.o ABSOLUTE
    _printf_longlong_dec                     0x00000000   Number         0  stubs.o ABSOLUTE
    _printf_longlong_hex                     0x00000000   Number         0  stubs.o ABSOLUTE
    _printf_longlong_oct                     0x00000000   Number         0  stubs.o ABSOLUTE
    _printf_ls                               0x00000000   Number         0  stubs.o ABSOLUTE
    _printf_mbtowc                           0x00000000   Number         0  stubs.o ABSOLUTE
    _printf_n                                0x00000000   Number         0  stubs.o ABSOLUTE
    _printf_o                                0x00000000   Number         0  stubs.o ABSOLUTE
    _printf_p                                0x00000000   Number         0  stubs.o ABSOLUTE
    _printf_percent                          0x00000000   Number         0  stubs.o ABSOLUTE
    _printf_pre_padding                      0x00000000   Number         0  stubs.o ABSOLUTE
    _printf_return_value                     0x00000000   Number         0  stubs.o ABSOLUTE
    _printf_s                                0x00000000   Number         0  stubs.o ABSOLUTE
    _printf_sizespec                         0x00000000   Number         0  stubs.o ABSOLUTE
    _printf_str                              0x00000000   Number         0  stubs.o ABSOLUTE
    _printf_truncate_signed                  0x00000000   Number         0  stubs.o ABSOLUTE
    _printf_truncate_unsigned                0x00000000   Number         0  stubs.o ABSOLUTE
    _printf_u                                0x00000000   Number         0  stubs.o ABSOLUTE
    _printf_wc                               0x00000000   Number         0  stubs.o ABSOLUTE
    _printf_wctomb                           0x00000000   Number         0  stubs.o ABSOLUTE
    _printf_widthprec                        0x00000000   Number         0  stubs.o ABSOLUTE
    _printf_x                                0x00000000   Number         0  stubs.o ABSOLUTE
    __cpp_initialize__aeabi_                  - Undefined Weak Reference
    __cxa_finalize                            - Undefined Weak Reference
    __decompress                              - Undefined Weak Reference
    _clock_init                               - Undefined Weak Reference
    _microlib_exit                            - Undefined Weak Reference
    __Vectors_Size                           0x000000ec   Number         0  startup_stm32f103xb.o ABSOLUTE
    __Vectors                                0x08000000   Data           4  startup_stm32f103xb.o(RESET)
    __Vectors_End                            0x080000ec   Data           0  startup_stm32f103xb.o(RESET)
    __main                                   0x080000ed   Thumb Code     0  entry.o(.ARM.Collect$$$$00000000)
    _main_stk                                0x080000ed   Thumb Code     0  entry2.o(.ARM.Collect$$$$00000001)
    _main_scatterload                        0x080000f1   Thumb Code     0  entry5.o(.ARM.Collect$$$$00000004)
    __main_after_scatterload                 0x080000f5   Thumb Code     0  entry5.o(.ARM.Collect$$$$00000004)
    _main_clock                              0x080000f5   Thumb Code     0  entry7b.o(.ARM.Collect$$$$00000008)
    _main_cpp_init                           0x080000f5   Thumb Code     0  entry8b.o(.ARM.Collect$$$$0000000A)
    _main_init                               0x080000f5   Thumb Code     0  entry9a.o(.ARM.Collect$$$$0000000B)
    __rt_final_cpp                           0x080000fd   Thumb Code     0  entry10a.o(.ARM.Collect$$$$0000000D)
    __rt_final_exit                          0x080000fd   Thumb Code     0  entry11a.o(.ARM.Collect$$$$0000000F)
    Reset_Handler                            0x08000101   Thumb Code     8  startup_stm32f103xb.o(.text)
    ADC1_2_IRQHandler                        0x0800011b   Thumb Code     0  startup_stm32f103xb.o(.text)
    CAN1_RX1_IRQHandler                      0x0800011b   Thumb Code     0  startup_stm32f103xb.o(.text)
    CAN1_SCE_IRQHandler                      0x0800011b   Thumb Code     0  startup_stm32f103xb.o(.text)
    DMA1_Channel1_IRQHandler                 0x0800011b   Thumb Code     0  startup_stm32f103xb.o(.text)
    DMA1_Channel2_IRQHandler                 0x0800011b   Thumb Code     0  startup_stm32f103xb.o(.text)
    DMA1_Channel3_IRQHandler                 0x0800011b   Thumb Code     0  startup_stm32f103xb.o(.text)
    DMA1_Channel4_IRQHandler                 0x0800011b   Thumb Code     0  startup_stm32f103xb.o(.text)
    DMA1_Channel5_IRQHandler                 0x0800011b   Thumb Code     0  startup_stm32f103xb.o(.text)
    DMA1_Channel6_IRQHandler                 0x0800011b   Thumb Code     0  startup_stm32f103xb.o(.text)
    DMA1_Channel7_IRQHandler                 0x0800011b   Thumb Code     0  startup_stm32f103xb.o(.text)
    EXTI0_IRQHandler                         0x0800011b   Thumb Code     0  startup_stm32f103xb.o(.text)
    EXTI15_10_IRQHandler                     0x0800011b   Thumb Code     0  startup_stm32f103xb.o(.text)
    EXTI1_IRQHandler                         0x0800011b   Thumb Code     0  startup_stm32f103xb.o(.text)
    EXTI2_IRQHandler                         0x0800011b   Thumb Code     0  startup_stm32f103xb.o(.text)
    EXTI3_IRQHandler                         0x0800011b   Thumb Code     0  startup_stm32f103xb.o(.text)
    EXTI4_IRQHandler                         0x0800011b   Thumb Code     0  startup_stm32f103xb.o(.text)
    EXTI9_5_IRQHandler                       0x0800011b   Thumb Code     0  startup_stm32f103xb.o(.text)
    FLASH_IRQHandler                         0x0800011b   Thumb Code     0  startup_stm32f103xb.o(.text)
    I2C1_ER_IRQHandler                       0x0800011b   Thumb Code     0  startup_stm32f103xb.o(.text)
    I2C1_EV_IRQHandler                       0x0800011b   Thumb Code     0  startup_stm32f103xb.o(.text)
    I2C2_ER_IRQHandler                       0x0800011b   Thumb Code     0  startup_stm32f103xb.o(.text)
    I2C2_EV_IRQHandler                       0x0800011b   Thumb Code     0  startup_stm32f103xb.o(.text)
    PVD_IRQHandler                           0x0800011b   Thumb Code     0  startup_stm32f103xb.o(.text)
    RCC_IRQHandler                           0x0800011b   Thumb Code     0  startup_stm32f103xb.o(.text)
    RTC_Alarm_IRQHandler                     0x0800011b   Thumb Code     0  startup_stm32f103xb.o(.text)
    RTC_IRQHandler                           0x0800011b   Thumb Code     0  startup_stm32f103xb.o(.text)
    SPI1_IRQHandler                          0x0800011b   Thumb Code     0  startup_stm32f103xb.o(.text)
    SPI2_IRQHandler                          0x0800011b   Thumb Code     0  startup_stm32f103xb.o(.text)
    TAMPER_IRQHandler                        0x0800011b   Thumb Code     0  startup_stm32f103xb.o(.text)
    TIM1_BRK_IRQHandler                      0x0800011b   Thumb Code     0  startup_stm32f103xb.o(.text)
    TIM1_CC_IRQHandler                       0x0800011b   Thumb Code     0  startup_stm32f103xb.o(.text)
    TIM1_TRG_COM_IRQHandler                  0x0800011b   Thumb Code     0  startup_stm32f103xb.o(.text)
    TIM1_UP_IRQHandler                       0x0800011b   Thumb Code     0  startup_stm32f103xb.o(.text)
    TIM4_IRQHandler                          0x0800011b   Thumb Code     0  startup_stm32f103xb.o(.text)
    USART1_IRQHandler                        0x0800011b   Thumb Code     0  startup_stm32f103xb.o(.text)
    USBWakeUp_IRQHandler                     0x0800011b   Thumb Code     0  startup_stm32f103xb.o(.text)
    USB_HP_CAN1_TX_IRQHandler                0x0800011b   Thumb Code     0  startup_stm32f103xb.o(.text)
    USB_LP_CAN1_RX0_IRQHandler               0x0800011b   Thumb Code     0  startup_stm32f103xb.o(.text)
    WWDG_IRQHandler                          0x0800011b   Thumb Code     0  startup_stm32f103xb.o(.text)
    __aeabi_llsr                             0x08000125   Thumb Code    32  llushr.o(.text)
    _ll_ushift_r                             0x08000125   Thumb Code     0  llushr.o(.text)
    __aeabi_memcpy                           0x08000145   Thumb Code    36  memcpya.o(.text)
    __aeabi_memcpy4                          0x08000145   Thumb Code     0  memcpya.o(.text)
    __aeabi_memcpy8                          0x08000145   Thumb Code     0  memcpya.o(.text)
    __aeabi_memset                           0x08000169   Thumb Code    14  memseta.o(.text)
    __aeabi_memset4                          0x08000169   Thumb Code     0  memseta.o(.text)
    __aeabi_memset8                          0x08000169   Thumb Code     0  memseta.o(.text)
    __aeabi_memclr                           0x08000177   Thumb Code     4  memseta.o(.text)
    __aeabi_memclr4                          0x08000177   Thumb Code     0  memseta.o(.text)
    __aeabi_memclr8                          0x08000177   Thumb Code     0  memseta.o(.text)
    _memset$wrapper                          0x0800017b   Thumb Code    18  memseta.o(.text)
    strstr                                   0x0800018d   Thumb Code    36  strstr.o(.text)
    strncpy                                  0x080001b1   Thumb Code    24  strncpy.o(.text)
    strlen                                   0x080001c9   Thumb Code    14  strlen.o(.text)
    strcmp                                   0x080001d7   Thumb Code    28  strcmp.o(.text)
    atoi                                     0x080001f3   Thumb Code    26  atoi.o(.text)
    __aeabi_uldivmod                         0x0800020d   Thumb Code    98  uldiv.o(.text)
    strtol                                   0x0800026f   Thumb Code   112  strtol.o(.text)
    __scatterload                            0x080002e1   Thumb Code    28  init.o(.text)
    __scatterload_rt2                        0x080002e1   Thumb Code     0  init.o(.text)
    __aeabi_llsl                             0x08000305   Thumb Code    30  llshl.o(.text)
    _ll_shift_l                              0x08000305   Thumb Code     0  llshl.o(.text)
    __rt_ctype_table                         0x08000325   Thumb Code     4  ctype_o.o(.text)
    _strtoul                                 0x0800032d   Thumb Code   158  _strtoul.o(.text)
    _chval                                   0x080003cb   Thumb Code    28  _chval.o(.text)
    APP_Delay                                0x080003e7   Thumb Code    22  utility.o(i.APP_Delay)
    BusFault_Handler                         0x080003fd   Thumb Code     2  stm32f1xx_it.o(i.BusFault_Handler)
    ClearArray                               0x080003ff   Thumb Code     4  utility.o(i.ClearArray)
    CopyArray                                0x08000403   Thumb Code    14  utility.o(i.CopyArray)
    DebugMon_Handler                         0x08000411   Thumb Code     2  stm32f1xx_it.o(i.DebugMon_Handler)
    Error_Handler                            0x08000413   Thumb Code     4  main.o(i.Error_Handler)
    Flash_Read                               0x08000419   Thumb Code    26  flash.o(i.Flash_Read)
    HAL_DMA_Abort                            0x08000433   Thumb Code    70  stm32f1xx_hal_dma.o(i.HAL_DMA_Abort)
    HAL_DMA_Abort_IT                         0x08000479   Thumb Code   148  stm32f1xx_hal_dma.o(i.HAL_DMA_Abort_IT)
    HAL_Delay                                0x08000511   Thumb Code    32  stm32f1xx_hal.o(i.HAL_Delay)
    HAL_GPIO_Init                            0x08000535   Thumb Code   446  stm32f1xx_hal_gpio.o(i.HAL_GPIO_Init)
    HAL_GPIO_WritePin                        0x08000715   Thumb Code    10  stm32f1xx_hal_gpio.o(i.HAL_GPIO_WritePin)
    HAL_GetTick                              0x08000721   Thumb Code     6  stm32f1xx_hal.o(i.HAL_GetTick)
    HAL_I2C_Init                             0x0800072d   Thumb Code   376  stm32f1xx_hal_i2c.o(i.HAL_I2C_Init)
    HAL_I2C_MspInit                          0x080008b5   Thumb Code    96  i2c.o(i.HAL_I2C_MspInit)
    HAL_IncTick                              0x08000925   Thumb Code    12  stm32f1xx_hal.o(i.HAL_IncTick)
    HAL_Init                                 0x08000935   Thumb Code    32  stm32f1xx_hal.o(i.HAL_Init)
    HAL_InitTick                             0x08000959   Thumb Code    54  stm32f1xx_hal.o(i.HAL_InitTick)
    HAL_MspInit                              0x08000999   Thumb Code    52  stm32f1xx_hal_msp.o(i.HAL_MspInit)
    HAL_NVIC_EnableIRQ                       0x080009d5   Thumb Code    26  stm32f1xx_hal_cortex.o(i.HAL_NVIC_EnableIRQ)
    HAL_NVIC_SetPriority                     0x080009f1   Thumb Code    60  stm32f1xx_hal_cortex.o(i.HAL_NVIC_SetPriority)
    HAL_NVIC_SetPriorityGrouping             0x08000a31   Thumb Code    26  stm32f1xx_hal_cortex.o(i.HAL_NVIC_SetPriorityGrouping)
    HAL_RCC_ClockConfig                      0x08000a55   Thumb Code   280  stm32f1xx_hal_rcc.o(i.HAL_RCC_ClockConfig)
    HAL_RCC_GetPCLK1Freq                     0x08000b81   Thumb Code    20  stm32f1xx_hal_rcc.o(i.HAL_RCC_GetPCLK1Freq)
    HAL_RCC_GetPCLK2Freq                     0x08000ba1   Thumb Code    20  stm32f1xx_hal_rcc.o(i.HAL_RCC_GetPCLK2Freq)
    HAL_RCC_GetSysClockFreq                  0x08000bc1   Thumb Code    58  stm32f1xx_hal_rcc.o(i.HAL_RCC_GetSysClockFreq)
    HAL_RCC_OscConfig                        0x08000c0d   Thumb Code   778  stm32f1xx_hal_rcc.o(i.HAL_RCC_OscConfig)
    HAL_SYSTICK_Config                       0x08000f2d   Thumb Code    40  stm32f1xx_hal_cortex.o(i.HAL_SYSTICK_Config)
    HAL_TIMEx_BreakCallback                  0x08000f55   Thumb Code     2  stm32f1xx_hal_tim_ex.o(i.HAL_TIMEx_BreakCallback)
    HAL_TIMEx_CommutCallback                 0x08000f57   Thumb Code     2  stm32f1xx_hal_tim_ex.o(i.HAL_TIMEx_CommutCallback)
    HAL_TIMEx_MasterConfigSynchronization    0x08000f59   Thumb Code    92  stm32f1xx_hal_tim_ex.o(i.HAL_TIMEx_MasterConfigSynchronization)
    HAL_TIM_Base_Init                        0x08000fc1   Thumb Code    90  stm32f1xx_hal_tim.o(i.HAL_TIM_Base_Init)
    HAL_TIM_Base_MspInit                     0x0800101d   Thumb Code    86  tim.o(i.HAL_TIM_Base_MspInit)
    HAL_TIM_Base_Start_IT                    0x0800107d   Thumb Code    76  stm32f1xx_hal_tim.o(i.HAL_TIM_Base_Start_IT)
    HAL_TIM_Base_Stop_IT                     0x080010d5   Thumb Code    48  stm32f1xx_hal_tim.o(i.HAL_TIM_Base_Stop_IT)
    HAL_TIM_ConfigClockSource                0x08001105   Thumb Code   220  stm32f1xx_hal_tim.o(i.HAL_TIM_ConfigClockSource)
    HAL_TIM_IC_CaptureCallback               0x080011e1   Thumb Code     2  stm32f1xx_hal_tim.o(i.HAL_TIM_IC_CaptureCallback)
    HAL_TIM_IRQHandler                       0x080011e3   Thumb Code   304  stm32f1xx_hal_tim.o(i.HAL_TIM_IRQHandler)
    HAL_TIM_OC_DelayElapsedCallback          0x08001313   Thumb Code     2  stm32f1xx_hal_tim.o(i.HAL_TIM_OC_DelayElapsedCallback)
    HAL_TIM_PWM_PulseFinishedCallback        0x08001315   Thumb Code     2  stm32f1xx_hal_tim.o(i.HAL_TIM_PWM_PulseFinishedCallback)
    HAL_TIM_PeriodElapsedCallback            0x08001319   Thumb Code    54  time_handle.o(i.HAL_TIM_PeriodElapsedCallback)
    HAL_TIM_TriggerCallback                  0x0800135d   Thumb Code     2  stm32f1xx_hal_tim.o(i.HAL_TIM_TriggerCallback)
    HAL_UART2_IRQHandler                     0x08001361   Thumb Code    64  esp8266.o(i.HAL_UART2_IRQHandler)
    HAL_UART3_IRQHandler                     0x080013ad   Thumb Code    38  syn6288.o(i.HAL_UART3_IRQHandler)
    HAL_UARTEx_RxEventCallback               0x080013d9   Thumb Code     2  stm32f1xx_hal_uart.o(i.HAL_UARTEx_RxEventCallback)
    HAL_UART_ErrorCallback                   0x080013db   Thumb Code     2  stm32f1xx_hal_uart.o(i.HAL_UART_ErrorCallback)
    HAL_UART_IRQHandler                      0x080013dd   Thumb Code   616  stm32f1xx_hal_uart.o(i.HAL_UART_IRQHandler)
    HAL_UART_Init                            0x08001649   Thumb Code   100  stm32f1xx_hal_uart.o(i.HAL_UART_Init)
    HAL_UART_MspInit                         0x080016ad   Thumb Code   270  usart.o(i.HAL_UART_MspInit)
    HAL_UART_Receive                         0x080017d5   Thumb Code   176  stm32f1xx_hal_uart.o(i.HAL_UART_Receive)
    HAL_UART_RxCpltCallback                  0x08001885   Thumb Code     2  stm32f1xx_hal_uart.o(i.HAL_UART_RxCpltCallback)
    HAL_UART_Transmit                        0x08001887   Thumb Code   160  stm32f1xx_hal_uart.o(i.HAL_UART_Transmit)
    HAL_UART_TxCpltCallback                  0x08001927   Thumb Code     2  stm32f1xx_hal_uart.o(i.HAL_UART_TxCpltCallback)
    HardFault_Handler                        0x08001929   Thumb Code     2  stm32f1xx_it.o(i.HardFault_Handler)
    MX_GPIO_Init                             0x0800192d   Thumb Code   120  gpio.o(i.MX_GPIO_Init)
    MX_I2C1_Init                             0x080019ad   Thumb Code    50  i2c.o(i.MX_I2C1_Init)
    MX_TIM2_Init                             0x080019ed   Thumb Code    96  tim.o(i.MX_TIM2_Init)
    MX_TIM3_Init                             0x08001a51   Thumb Code    94  tim.o(i.MX_TIM3_Init)
    MX_USART1_UART_Init                      0x08001ab9   Thumb Code    48  usart.o(i.MX_USART1_UART_Init)
    MX_USART2_UART_Init                      0x08001af1   Thumb Code    48  usart.o(i.MX_USART2_UART_Init)
    MX_USART3_UART_Init                      0x08001b29   Thumb Code    48  usart.o(i.MX_USART3_UART_Init)
    MemManage_Handler                        0x08001b61   Thumb Code     2  stm32f1xx_it.o(i.MemManage_Handler)
    NMI_Handler                              0x08001b63   Thumb Code     2  stm32f1xx_it.o(i.NMI_Handler)
    PendSV_Handler                           0x08001b65   Thumb Code     2  stm32f1xx_it.o(i.PendSV_Handler)
    SVC_Handler                              0x08001b67   Thumb Code     2  stm32f1xx_it.o(i.SVC_Handler)
    SYN6288_ReceivedData                     0x08001b69   Thumb Code     8  esp8266.o(i.SYN6288_ReceivedData)
    SysTick_Handler                          0x08001b81   Thumb Code     4  stm32f1xx_it.o(i.SysTick_Handler)
    SystemClock_Config                       0x08001b85   Thumb Code    80  main.o(i.SystemClock_Config)
    SystemInit                               0x08001bd5   Thumb Code     2  system_stm32f1xx.o(i.SystemInit)
    TIM2_IRQHandler                          0x08001bd9   Thumb Code     6  stm32f1xx_it.o(i.TIM2_IRQHandler)
    TIM2_Start                               0x08001be5   Thumb Code     6  time_handle.o(i.TIM2_Start)
    TIM3_IRQHandler                          0x08001bf1   Thumb Code     6  stm32f1xx_it.o(i.TIM3_IRQHandler)
    TIM3_PeriodElapsedCallback               0x08001bfd   Thumb Code    20  esp8266.o(i.TIM3_PeriodElapsedCallback)
    TIM3_Reset                               0x08001c15   Thumb Code    16  time_handle.o(i.TIM3_Reset)
    TIM3_Start                               0x08001c29   Thumb Code     6  time_handle.o(i.TIM3_Start)
    TIM3_Stop                                0x08001c35   Thumb Code     6  time_handle.o(i.TIM3_Stop)
    TIM_Base_SetConfig                       0x08001c41   Thumb Code   108  stm32f1xx_hal_tim.o(i.TIM_Base_SetConfig)
    TIM_ETR_SetConfig                        0x08001cb9   Thumb Code    20  stm32f1xx_hal_tim.o(i.TIM_ETR_SetConfig)
    USART2_IRQHandler                        0x08001f71   Thumb Code    16  stm32f1xx_it.o(i.USART2_IRQHandler)
    USART3_IRQHandler                        0x08001f85   Thumb Code    16  stm32f1xx_it.o(i.USART3_IRQHandler)
    UsageFault_Handler                       0x08001f99   Thumb Code     2  stm32f1xx_it.o(i.UsageFault_Handler)
    __0printf$8                              0x08001f9d   Thumb Code    22  printf8.o(i.__0printf$8)
    __1printf$8                              0x08001f9d   Thumb Code     0  printf8.o(i.__0printf$8)
    __2printf                                0x08001f9d   Thumb Code     0  printf8.o(i.__0printf$8)
    __0snprintf$8                            0x08001fbd   Thumb Code    36  printf8.o(i.__0snprintf$8)
    __1snprintf$8                            0x08001fbd   Thumb Code     0  printf8.o(i.__0snprintf$8)
    __2snprintf                              0x08001fbd   Thumb Code     0  printf8.o(i.__0snprintf$8)
    __aeabi_errno_addr                       0x08002005   Thumb Code     4  errno.o(i.__aeabi_errno_addr)
    __rt_errno_addr                          0x08002005   Thumb Code     0  errno.o(i.__aeabi_errno_addr)
    __scatterload_copy                       0x0800200d   Thumb Code    14  handlers.o(i.__scatterload_copy)
    __scatterload_null                       0x0800201b   Thumb Code     2  handlers.o(i.__scatterload_null)
    __scatterload_zeroinit                   0x0800201d   Thumb Code    14  handlers.o(i.__scatterload_zeroinit)
    check_cmd                                0x080024a5   Thumb Code    36  esp8266.o(i.check_cmd)
    esp8266_connect_wifi                     0x080024d1   Thumb Code    48  esp8266.o(i.esp8266_connect_wifi)
    esp8266_init                             0x08002511   Thumb Code    36  esp8266.o(i.esp8266_init)
    esp8266_reset                            0x0800253d   Thumb Code    68  esp8266.o(i.esp8266_reset)
    esp8266_send_cmd                         0x080025a1   Thumb Code    56  esp8266.o(i.esp8266_send_cmd)
    esp8266_sta                              0x080025e9   Thumb Code    30  esp8266.o(i.esp8266_sta)
    esp8266_try_send_cmd                     0x08002621   Thumb Code   118  esp8266.o(i.esp8266_try_send_cmd)
    fputc                                    0x080026ad   Thumb Code    20  uart_printf.o(i.fputc)
    free                                     0x080026c5   Thumb Code    76  malloc.o(i.free)
    main                                     0x08002715   Thumb Code    46  main.o(i.main)
    malloc                                   0x08002745   Thumb Code    92  malloc.o(i.malloc)
    mqtt_start                               0x080027b1   Thumb Code   334  esp8266.o(i.mqtt_start)
    parse_json                               0x08002a3d   Thumb Code    70  esp8266.o(i.parse_json)
    syn6288_send_cmd                         0x08002a89   Thumb Code   136  syn6288.o(i.syn6288_send_cmd)
    test_led                                 0x08002b11   Thumb Code    98  led.o(i.test_led)
    uart2_clear_recv                         0x08002b91   Thumb Code    32  esp8266.o(i.uart2_clear_recv)
    uart2_send                               0x08002bc1   Thumb Code    42  esp8266.o(i.uart2_send)
    uart2_wait_recv                          0x08002c01   Thumb Code    42  esp8266.o(i.uart2_wait_recv)
    uart3_send                               0x08002c31   Thumb Code    14  syn6288.o(i.uart3_send)
    user_init_program                        0x08002c45   Thumb Code    42  main_program.o(i.user_init_program)
    user_main_program                        0x08002c79   Thumb Code     2  main_program.o(i.user_main_program)
    AHBPrescTable                            0x08002c8c   Data          16  system_stm32f1xx.o(.constdata)
    APBPrescTable                            0x08002c9c   Data           8  system_stm32f1xx.o(.constdata)
    __ctype_table                            0x08002ca4   Data         129  ctype_o.o(.constdata)
    Region$$Table$$Base                      0x08002e94   Number         0  anon$$obj.o(Region$$Table)
    Region$$Table$$Limit                     0x08002eb4   Number         0  anon$$obj.o(Region$$Table)
    uwTickFreq                               0x20000000   Data           1  stm32f1xx_hal.o(.data)
    uwTickPrio                               0x20000004   Data           4  stm32f1xx_hal.o(.data)
    uwTick                                   0x20000008   Data           4  stm32f1xx_hal.o(.data)
    SystemCoreClock                          0x2000000c   Data           4  system_stm32f1xx.o(.data)
    index_led                                0x20000012   Data           2  time_handle.o(.data)
    index_oled                               0x20000014   Data           2  time_handle.o(.data)
    index_dht11                              0x20000016   Data           2  time_handle.o(.data)
    usart2_count                             0x2000001a   Data           2  esp8266.o(.data)
    PUB_TOPIC                                0x2000001c   Data           4  esp8266.o(.data)
    __stdout                                 0x20000020   Data           4  stdout.o(.data)
    __microlib_freelist                      0x20000024   Data           4  mvars.o(.data)
    __microlib_freelist_initialised          0x20000028   Data           4  mvars.o(.data)
    hi2c1                                    0x20000030   Data          84  i2c.o(.bss)
    htim2                                    0x20000084   Data          72  tim.o(.bss)
    htim3                                    0x200000cc   Data          72  tim.o(.bss)
    huart1                                   0x20000114   Data          72  usart.o(.bss)
    huart2                                   0x2000015c   Data          72  usart.o(.bss)
    huart3                                   0x200001a4   Data          72  usart.o(.bss)
    usart2_buf                               0x200001ec   Data         512  esp8266.o(.bss)
    __heap_base                              0x200003f0   Data           0  startup_stm32f103xb.o(HEAP)
    __heap_limit                             0x200005f0   Data           0  startup_stm32f103xb.o(HEAP)
    __initial_sp                             0x200009f0   Data           0  startup_stm32f103xb.o(STACK)



==============================================================================

Memory Map of the image

  Image Entry point : 0x080000ed

  Load Region LR_IROM1 (Base: 0x08000000, Size: 0x00002ee4, Max: 0x00010000, ABSOLUTE)

    Execution Region ER_IROM1 (Base: 0x08000000, Size: 0x00002eb4, Max: 0x00010000, ABSOLUTE)

    Base Addr    Size         Type   Attr      Idx    E Section Name        Object

    0x08000000   0x000000ec   Data   RO            3    RESET               startup_stm32f103xb.o
    0x080000ec   0x00000000   Code   RO         3881  * .ARM.Collect$$$$00000000  mc_w.l(entry.o)
    0x080000ec   0x00000004   Code   RO         4195    .ARM.Collect$$$$00000001  mc_w.l(entry2.o)
    0x080000f0   0x00000004   Code   RO         4198    .ARM.Collect$$$$00000004  mc_w.l(entry5.o)
    0x080000f4   0x00000000   Code   RO         4200    .ARM.Collect$$$$00000008  mc_w.l(entry7b.o)
    0x080000f4   0x00000000   Code   RO         4202    .ARM.Collect$$$$0000000A  mc_w.l(entry8b.o)
    0x080000f4   0x00000008   Code   RO         4203    .ARM.Collect$$$$0000000B  mc_w.l(entry9a.o)
    0x080000fc   0x00000000   Code   RO         4205    .ARM.Collect$$$$0000000D  mc_w.l(entry10a.o)
    0x080000fc   0x00000000   Code   RO         4207    .ARM.Collect$$$$0000000F  mc_w.l(entry11a.o)
    0x080000fc   0x00000004   Code   RO         4196    .ARM.Collect$$$$00002712  mc_w.l(entry2.o)
    0x08000100   0x00000024   Code   RO            4    .text               startup_stm32f103xb.o
    0x08000124   0x00000020   Code   RO         3884    .text               mc_w.l(llushr.o)
    0x08000144   0x00000024   Code   RO         3888    .text               mc_w.l(memcpya.o)
    0x08000168   0x00000024   Code   RO         3890    .text               mc_w.l(memseta.o)
    0x0800018c   0x00000024   Code   RO         3892    .text               mc_w.l(strstr.o)
    0x080001b0   0x00000018   Code   RO         3894    .text               mc_w.l(strncpy.o)
    0x080001c8   0x0000000e   Code   RO         3896    .text               mc_w.l(strlen.o)
    0x080001d6   0x0000001c   Code   RO         3898    .text               mc_w.l(strcmp.o)
    0x080001f2   0x0000001a   Code   RO         4193    .text               mc_w.l(atoi.o)
    0x0800020c   0x00000062   Code   RO         4212    .text               mc_w.l(uldiv.o)
    0x0800026e   0x00000070   Code   RO         4223    .text               mc_w.l(strtol.o)
    0x080002de   0x00000002   PAD
    0x080002e0   0x00000024   Code   RO         4236    .text               mc_w.l(init.o)
    0x08000304   0x0000001e   Code   RO         4238    .text               mc_w.l(llshl.o)
    0x08000322   0x00000002   PAD
    0x08000324   0x00000008   Code   RO         4242    .text               mc_w.l(ctype_o.o)
    0x0800032c   0x0000009e   Code   RO         4270    .text               mc_w.l(_strtoul.o)
    0x080003ca   0x0000001c   Code   RO         4274    .text               mc_w.l(_chval.o)
    0x080003e6   0x00000016   Code   RO         3557    i.APP_Delay         utility.o
    0x080003fc   0x00000002   Code   RO          326    i.BusFault_Handler  stm32f1xx_it.o
    0x080003fe   0x00000004   Code   RO         3560    i.ClearArray        utility.o
    0x08000402   0x0000000e   Code   RO         3561    i.CopyArray         utility.o
    0x08000410   0x00000002   Code   RO          327    i.DebugMon_Handler  stm32f1xx_it.o
    0x08000412   0x00000004   Code   RO           13    i.Error_Handler     main.o
    0x08000416   0x00000002   PAD
    0x08000418   0x0000001a   Code   RO         3808    i.Flash_Read        flash.o
    0x08000432   0x00000046   Code   RO         1307    i.HAL_DMA_Abort     stm32f1xx_hal_dma.o
    0x08000478   0x00000098   Code   RO         1308    i.HAL_DMA_Abort_IT  stm32f1xx_hal_dma.o
    0x08000510   0x00000024   Code   RO          933    i.HAL_Delay         stm32f1xx_hal.o
    0x08000534   0x000001e0   Code   RO         1243    i.HAL_GPIO_Init     stm32f1xx_hal_gpio.o
    0x08000714   0x0000000a   Code   RO         1247    i.HAL_GPIO_WritePin  stm32f1xx_hal_gpio.o
    0x0800071e   0x00000002   PAD
    0x08000720   0x0000000c   Code   RO          937    i.HAL_GetTick       stm32f1xx_hal.o
    0x0800072c   0x00000188   Code   RO          500    i.HAL_I2C_Init      stm32f1xx_hal_i2c.o
    0x080008b4   0x00000070   Code   RO          183    i.HAL_I2C_MspInit   i2c.o
    0x08000924   0x00000010   Code   RO          943    i.HAL_IncTick       stm32f1xx_hal.o
    0x08000934   0x00000024   Code   RO          944    i.HAL_Init          stm32f1xx_hal.o
    0x08000958   0x00000040   Code   RO          945    i.HAL_InitTick      stm32f1xx_hal.o
    0x08000998   0x0000003c   Code   RO          429    i.HAL_MspInit       stm32f1xx_hal_msp.o
    0x080009d4   0x0000001a   Code   RO         1403    i.HAL_NVIC_EnableIRQ  stm32f1xx_hal_cortex.o
    0x080009ee   0x00000002   PAD
    0x080009f0   0x00000040   Code   RO         1409    i.HAL_NVIC_SetPriority  stm32f1xx_hal_cortex.o
    0x08000a30   0x00000024   Code   RO         1410    i.HAL_NVIC_SetPriorityGrouping  stm32f1xx_hal_cortex.o
    0x08000a54   0x0000012c   Code   RO         1101    i.HAL_RCC_ClockConfig  stm32f1xx_hal_rcc.o
    0x08000b80   0x00000020   Code   RO         1108    i.HAL_RCC_GetPCLK1Freq  stm32f1xx_hal_rcc.o
    0x08000ba0   0x00000020   Code   RO         1109    i.HAL_RCC_GetPCLK2Freq  stm32f1xx_hal_rcc.o
    0x08000bc0   0x0000004c   Code   RO         1110    i.HAL_RCC_GetSysClockFreq  stm32f1xx_hal_rcc.o
    0x08000c0c   0x00000320   Code   RO         1113    i.HAL_RCC_OscConfig  stm32f1xx_hal_rcc.o
    0x08000f2c   0x00000028   Code   RO         1414    i.HAL_SYSTICK_Config  stm32f1xx_hal_cortex.o
    0x08000f54   0x00000002   Code   RO         2609    i.HAL_TIMEx_BreakCallback  stm32f1xx_hal_tim_ex.o
    0x08000f56   0x00000002   Code   RO         2610    i.HAL_TIMEx_CommutCallback  stm32f1xx_hal_tim_ex.o
    0x08000f58   0x00000068   Code   RO         2628    i.HAL_TIMEx_MasterConfigSynchronization  stm32f1xx_hal_tim_ex.o
    0x08000fc0   0x0000005a   Code   RO         1905    i.HAL_TIM_Base_Init  stm32f1xx_hal_tim.o
    0x0800101a   0x00000002   PAD
    0x0800101c   0x00000060   Code   RO          225    i.HAL_TIM_Base_MspInit  tim.o
    0x0800107c   0x00000058   Code   RO         1910    i.HAL_TIM_Base_Start_IT  stm32f1xx_hal_tim.o
    0x080010d4   0x00000030   Code   RO         1913    i.HAL_TIM_Base_Stop_IT  stm32f1xx_hal_tim.o
    0x08001104   0x000000dc   Code   RO         1914    i.HAL_TIM_ConfigClockSource  stm32f1xx_hal_tim.o
    0x080011e0   0x00000002   Code   RO         1939    i.HAL_TIM_IC_CaptureCallback  stm32f1xx_hal_tim.o
    0x080011e2   0x00000130   Code   RO         1953    i.HAL_TIM_IRQHandler  stm32f1xx_hal_tim.o
    0x08001312   0x00000002   Code   RO         1956    i.HAL_TIM_OC_DelayElapsedCallback  stm32f1xx_hal_tim.o
    0x08001314   0x00000002   Code   RO         1983    i.HAL_TIM_PWM_PulseFinishedCallback  stm32f1xx_hal_tim.o
    0x08001316   0x00000002   PAD
    0x08001318   0x00000044   Code   RO         3476    i.HAL_TIM_PeriodElapsedCallback  time_handle.o
    0x0800135c   0x00000002   Code   RO         1996    i.HAL_TIM_TriggerCallback  stm32f1xx_hal_tim.o
    0x0800135e   0x00000002   PAD
    0x08001360   0x0000004c   Code   RO         3656    i.HAL_UART2_IRQHandler  esp8266.o
    0x080013ac   0x0000002c   Code   RO         3605    i.HAL_UART3_IRQHandler  syn6288.o
    0x080013d8   0x00000002   Code   RO         2888    i.HAL_UARTEx_RxEventCallback  stm32f1xx_hal_uart.o
    0x080013da   0x00000002   Code   RO         2902    i.HAL_UART_ErrorCallback  stm32f1xx_hal_uart.o
    0x080013dc   0x0000026c   Code   RO         2905    i.HAL_UART_IRQHandler  stm32f1xx_hal_uart.o
    0x08001648   0x00000064   Code   RO         2906    i.HAL_UART_Init     stm32f1xx_hal_uart.o
    0x080016ac   0x00000128   Code   RO          273    i.HAL_UART_MspInit  usart.o
    0x080017d4   0x000000b0   Code   RO         2909    i.HAL_UART_Receive  stm32f1xx_hal_uart.o
    0x08001884   0x00000002   Code   RO         2912    i.HAL_UART_RxCpltCallback  stm32f1xx_hal_uart.o
    0x08001886   0x000000a0   Code   RO         2914    i.HAL_UART_Transmit  stm32f1xx_hal_uart.o
    0x08001926   0x00000002   Code   RO         2917    i.HAL_UART_TxCpltCallback  stm32f1xx_hal_uart.o
    0x08001928   0x00000002   Code   RO          328    i.HardFault_Handler  stm32f1xx_it.o
    0x0800192a   0x00000002   PAD
    0x0800192c   0x00000080   Code   RO          158    i.MX_GPIO_Init      gpio.o
    0x080019ac   0x00000040   Code   RO          184    i.MX_I2C1_Init      i2c.o
    0x080019ec   0x00000064   Code   RO          226    i.MX_TIM2_Init      tim.o
    0x08001a50   0x00000068   Code   RO          227    i.MX_TIM3_Init      tim.o
    0x08001ab8   0x00000038   Code   RO          274    i.MX_USART1_UART_Init  usart.o
    0x08001af0   0x00000038   Code   RO          275    i.MX_USART2_UART_Init  usart.o
    0x08001b28   0x00000038   Code   RO          276    i.MX_USART3_UART_Init  usart.o
    0x08001b60   0x00000002   Code   RO          329    i.MemManage_Handler  stm32f1xx_it.o
    0x08001b62   0x00000002   Code   RO          330    i.NMI_Handler       stm32f1xx_it.o
    0x08001b64   0x00000002   Code   RO          331    i.PendSV_Handler    stm32f1xx_it.o
    0x08001b66   0x00000002   Code   RO          332    i.SVC_Handler       stm32f1xx_it.o
    0x08001b68   0x00000018   Code   RO         3657    i.SYN6288_ReceivedData  esp8266.o
    0x08001b80   0x00000004   Code   RO          333    i.SysTick_Handler   stm32f1xx_it.o
    0x08001b84   0x00000050   Code   RO           14    i.SystemClock_Config  main.o
    0x08001bd4   0x00000002   Code   RO         3240    i.SystemInit        system_stm32f1xx.o
    0x08001bd6   0x00000002   PAD
    0x08001bd8   0x0000000c   Code   RO          334    i.TIM2_IRQHandler   stm32f1xx_it.o
    0x08001be4   0x0000000c   Code   RO         3477    i.TIM2_Start        time_handle.o
    0x08001bf0   0x0000000c   Code   RO          335    i.TIM3_IRQHandler   stm32f1xx_it.o
    0x08001bfc   0x00000018   Code   RO         3658    i.TIM3_PeriodElapsedCallback  esp8266.o
    0x08001c14   0x00000014   Code   RO         3479    i.TIM3_Reset        time_handle.o
    0x08001c28   0x0000000c   Code   RO         3480    i.TIM3_Start        time_handle.o
    0x08001c34   0x0000000c   Code   RO         3481    i.TIM3_Stop         time_handle.o
    0x08001c40   0x00000078   Code   RO         1998    i.TIM_Base_SetConfig  stm32f1xx_hal_tim.o
    0x08001cb8   0x00000014   Code   RO         2009    i.TIM_ETR_SetConfig  stm32f1xx_hal_tim.o
    0x08001ccc   0x00000010   Code   RO         2010    i.TIM_ITRx_SetConfig  stm32f1xx_hal_tim.o
    0x08001cdc   0x00000022   Code   RO         2016    i.TIM_TI1_ConfigInputStage  stm32f1xx_hal_tim.o
    0x08001cfe   0x00000024   Code   RO         2018    i.TIM_TI2_ConfigInputStage  stm32f1xx_hal_tim.o
    0x08001d22   0x00000010   Code   RO         2919    i.UART_DMAAbortOnError  stm32f1xx_hal_uart.o
    0x08001d32   0x0000004e   Code   RO         2929    i.UART_EndRxTransfer  stm32f1xx_hal_uart.o
    0x08001d80   0x000000c2   Code   RO         2931    i.UART_Receive_IT   stm32f1xx_hal_uart.o
    0x08001e42   0x00000002   PAD
    0x08001e44   0x000000b8   Code   RO         2932    i.UART_SetConfig    stm32f1xx_hal_uart.o
    0x08001efc   0x00000072   Code   RO         2935    i.UART_WaitOnFlagUntilTimeout  stm32f1xx_hal_uart.o
    0x08001f6e   0x00000002   PAD
    0x08001f70   0x00000014   Code   RO          336    i.USART2_IRQHandler  stm32f1xx_it.o
    0x08001f84   0x00000014   Code   RO          337    i.USART3_IRQHandler  stm32f1xx_it.o
    0x08001f98   0x00000002   Code   RO          338    i.UsageFault_Handler  stm32f1xx_it.o
    0x08001f9a   0x00000002   PAD
    0x08001f9c   0x00000020   Code   RO         4111    i.__0printf$8       mc_w.l(printf8.o)
    0x08001fbc   0x00000028   Code   RO         4112    i.__0snprintf$8     mc_w.l(printf8.o)
    0x08001fe4   0x00000020   Code   RO         1416    i.__NVIC_SetPriority  stm32f1xx_hal_cortex.o
    0x08002004   0x00000008   Code   RO         4216    i.__aeabi_errno_addr  mc_w.l(errno.o)
    0x0800200c   0x0000000e   Code   RO         4278    i.__scatterload_copy  mc_w.l(handlers.o)
    0x0800201a   0x00000002   Code   RO         4279    i.__scatterload_null  mc_w.l(handlers.o)
    0x0800201c   0x0000000e   Code   RO         4280    i.__scatterload_zeroinit  mc_w.l(handlers.o)
    0x0800202a   0x00000002   PAD
    0x0800202c   0x00000410   Code   RO         4118    i._printf_core      mc_w.l(printf8.o)
    0x0800243c   0x00000024   Code   RO         4119    i._printf_post_padding  mc_w.l(printf8.o)
    0x08002460   0x0000002e   Code   RO         4120    i._printf_pre_padding  mc_w.l(printf8.o)
    0x0800248e   0x00000016   Code   RO         4121    i._snputc           mc_w.l(printf8.o)
    0x080024a4   0x0000002c   Code   RO         3659    i.check_cmd         esp8266.o
    0x080024d0   0x00000040   Code   RO         3663    i.esp8266_connect_wifi  esp8266.o
    0x08002510   0x0000002c   Code   RO         3664    i.esp8266_init      esp8266.o
    0x0800253c   0x00000064   Code   RO         3666    i.esp8266_reset     esp8266.o
    0x080025a0   0x00000048   Code   RO         3667    i.esp8266_send_cmd  esp8266.o
    0x080025e8   0x00000038   Code   RO         3669    i.esp8266_sta       esp8266.o
    0x08002620   0x0000008c   Code   RO         3670    i.esp8266_try_send_cmd  esp8266.o
    0x080026ac   0x00000018   Code   RO         3533    i.fputc             uart_printf.o
    0x080026c4   0x00000050   Code   RO         4165    i.free              mc_w.l(malloc.o)
    0x08002714   0x0000002e   Code   RO           15    i.main              main.o
    0x08002742   0x00000002   PAD
    0x08002744   0x0000006c   Code   RO         4166    i.malloc            mc_w.l(malloc.o)
    0x080027b0   0x0000028c   Code   RO         3671    i.mqtt_start        esp8266.o
    0x08002a3c   0x0000004c   Code   RO         3673    i.parse_json        esp8266.o
    0x08002a88   0x00000088   Code   RO         3607    i.syn6288_send_cmd  syn6288.o
    0x08002b10   0x00000080   Code   RO         3852    i.test_led          led.o
    0x08002b90   0x00000030   Code   RO         3674    i.uart2_clear_recv  esp8266.o
    0x08002bc0   0x00000040   Code   RO         3675    i.uart2_send        esp8266.o
    0x08002c00   0x00000030   Code   RO         3676    i.uart2_wait_recv   esp8266.o
    0x08002c30   0x00000014   Code   RO         3608    i.uart3_send        syn6288.o
    0x08002c44   0x00000034   Code   RO         3421    i.user_init_program  main_program.o
    0x08002c78   0x00000002   Code   RO         3422    i.user_main_program  main_program.o
    0x08002c7a   0x00000012   Data   RO         1114    .constdata          stm32f1xx_hal_rcc.o
    0x08002c8c   0x00000010   Data   RO         3241    .constdata          system_stm32f1xx.o
    0x08002c9c   0x00000008   Data   RO         3242    .constdata          system_stm32f1xx.o
    0x08002ca4   0x00000081   Data   RO         4243    .constdata          mc_w.l(ctype_o.o)
    0x08002d25   0x00000003   PAD
    0x08002d28   0x00000004   Data   RO         4244    .constdata          mc_w.l(ctype_o.o)
    0x08002d2c   0x00000168   Data   RO         3678    .conststring        esp8266.o
    0x08002e94   0x00000020   Data   RO         4276    Region$$Table       anon$$obj.o


    Execution Region RW_IRAM1 (Base: 0x20000000, Size: 0x000009f0, Max: 0x00005000, ABSOLUTE)

    Base Addr    Size         Type   Attr      Idx    E Section Name        Object

    0x20000000   0x0000000c   Data   RW          951    .data               stm32f1xx_hal.o
    0x2000000c   0x00000004   Data   RW         3243    .data               system_stm32f1xx.o
    0x20000010   0x00000008   Data   RW         3482    .data               time_handle.o
    0x20000018   0x00000008   Data   RW         3680    .data               esp8266.o
    0x20000020   0x00000004   Data   RW         4209    .data               mc_w.l(stdout.o)
    0x20000024   0x00000004   Data   RW         4214    .data               mc_w.l(mvars.o)
    0x20000028   0x00000004   Data   RW         4215    .data               mc_w.l(mvars.o)
    0x2000002c   0x00000004   Data   RW         4219    .data               mc_w.l(errno.o)
    0x20000030   0x00000054   Zero   RW          185    .bss                i2c.o
    0x20000084   0x00000090   Zero   RW          228    .bss                tim.o
    0x20000114   0x000000d8   Zero   RW          277    .bss                usart.o
    0x200001ec   0x00000200   Zero   RW         3677    .bss                esp8266.o
    0x200003ec   0x00000004   PAD
    0x200003f0   0x00000200   Zero   RW            2    HEAP                startup_stm32f103xb.o
    0x200005f0   0x00000400   Zero   RW            1    STACK               startup_stm32f103xb.o


==============================================================================

Image component sizes


      Code (inc. data)   RO Data    RW Data    ZI Data      Debug   Object Name

      1532        528        360          8        512       9363   esp8266.o
        26          0          0          0          0        869   flash.o
       128          8          0          0          0        899   gpio.o
       176         30          0          0         84       1589   i2c.o
       128         30          0          0          0        467   led.o
       130          0          0          0          0     435792   main.o
        54         10          0          0          0       2136   main_program.o
        36          8        236          0       1536        792   startup_stm32f103xb.o
       164         28          0         12          0       5733   stm32f1xx_hal.o
       198         14          0          0          0      28511   stm32f1xx_hal_cortex.o
       222          4          0          0          0       1643   stm32f1xx_hal_dma.o
       490         34          0          0          0       2520   stm32f1xx_hal_gpio.o
       392         16          0          0          0       3015   stm32f1xx_hal_i2c.o
        60          8          0          0          0        850   stm32f1xx_hal_msp.o
      1240         84         18          0          0       4788   stm32f1xx_hal_rcc.o
       984         24          0          0          0       9672   stm32f1xx_hal_tim.o
       108         12          0          0          0       2301   stm32f1xx_hal_tim_ex.o
      1650         10          0          0          0       9891   stm32f1xx_hal_uart.o
        84         20          0          0          0       5530   stm32f1xx_it.o
       200         12          0          0          0       2195   syn6288.o
         2          0         24          4          0       1083   system_stm32f1xx.o
       300         24          0          0        144       2271   tim.o
       124         36          0          8          0       2770   time_handle.o
        24          4          0          0          0        460   uart_printf.o
       464         50          0          0        216       2944   usart.o
        40          0          0          0          0       3189   utility.o

    ----------------------------------------------------------------------
      8980        994        670         32       2496     541273   Object Totals
         0          0         32          0          0          0   (incl. Generated)
        24          0          0          0          4          0   (incl. Padding)

    ----------------------------------------------------------------------

      Code (inc. data)   RO Data    RW Data    ZI Data      Debug   Library Member Name

        28          0          0          0          0         68   _chval.o
       158          0          0          0          0         92   _strtoul.o
        26          0          0          0          0         80   atoi.o
         8          4        133          0          0         68   ctype_o.o
         0          0          0          0          0          0   entry.o
         0          0          0          0          0          0   entry10a.o
         0          0          0          0          0          0   entry11a.o
         8          4          0          0          0          0   entry2.o
         4          0          0          0          0          0   entry5.o
         0          0          0          0          0          0   entry7b.o
         0          0          0          0          0          0   entry8b.o
         8          4          0          0          0          0   entry9a.o
         8          4          0          4          0         68   errno.o
        30          0          0          0          0          0   handlers.o
        36          8          0          0          0         68   init.o
        30          0          0          0          0         68   llshl.o
        32          0          0          0          0         68   llushr.o
       188         20          0          0          0        160   malloc.o
        36          0          0          0          0         68   memcpya.o
        36          0          0          0          0        108   memseta.o
         0          0          0          8          0          0   mvars.o
      1216         58          0          0          0        504   printf8.o
         0          0          0          4          0          0   stdout.o
        28          0          0          0          0         76   strcmp.o
        14          0          0          0          0         68   strlen.o
        24          0          0          0          0         76   strncpy.o
        36          0          0          0          0         80   strstr.o
       112          0          0          0          0         88   strtol.o
        98          0          0          0          0         92   uldiv.o

    ----------------------------------------------------------------------
      2170        102        136         16          0       1900   Library Totals
         6          0          3          0          0          0   (incl. Padding)

    ----------------------------------------------------------------------

      Code (inc. data)   RO Data    RW Data    ZI Data      Debug   Library Name

      2164        102        133         16          0       1900   mc_w.l

    ----------------------------------------------------------------------
      2170        102        136         16          0       1900   Library Totals

    ----------------------------------------------------------------------

==============================================================================


      Code (inc. data)   RO Data    RW Data    ZI Data      Debug   

     11150       1096        806         48       2496     536773   Grand Totals
     11150       1096        806         48       2496     536773   ELF Image Totals
     11150       1096        806         48          0          0   ROM Totals

==============================================================================

    Total RO  Size (Code + RO Data)                11956 (  11.68kB)
    Total RW  Size (RW Data + ZI Data)              2544 (   2.48kB)
    Total ROM Size (Code + RO Data + RW Data)      12004 (  11.72kB)

==============================================================================

