C51 COMPILER V9.54   INTERRUPT                                                             07/03/2024 22:49:23 PAGE 1   


C51 COMPILER V9.54, COMPILATION OF MODULE INTERRUPT
OBJECT MODULE PLACED IN .\Objects\Interrupt.obj
COMPILER INVOKED BY: D:\App\Keil_v5\C51\BIN\C51.EXE Interrupt\Interrupt.c LARGE OPTIMIZE(8,SPEED) BROWSE DEBUG OBJECTEXT
                    -END PRINT(.\Listings\Interrupt.lst) TABS(2) OBJECT(.\Objects\Interrupt.obj)

line level    source

   1          /**************************************************************************************
   2          *              中断                         *
   3          中断响应条件
   4           中断源有中断请求；
   5           此中断源的中断允许位为1；
   6           CPU开中断（即EA=1）。
   7          以上三条同时满足时，CPU才有可能响应中断
   8          
   9          P3.0/Rx
  10          P3.1/Tx
  11          P3.2/INT0
  12          P3.3/INT1
  13          P3.4/T0
  14          P3.5/T1
  15          
  16          IE 中断允许控制
  17          EX0 外部中断0 允许位 —— INT0
  18          ET0 定时器、计数器 T0 中断允许位 —— T0
  19          EX1 外部中断1 允许位 —— INT1
  20          ET1 定时器、计数器 T1 中断允许位 —— T1
  21          x
  22          x
  23          ES  串行口中断允许位 —— RX TX
  24          EA  总中断允许位
  25          
  26          TCON 中断请求标志
  27          IT0（TCON.0），外部中断0触发方式控制位。
  28              当IT0=0时，为电平触发方式。
  29              当IT0=1时，为边沿触发方式（下降沿有效）。
  30          IE0（TCON.1），外部中断0中断请求标志位。
  31          IT1（TCON.2），外部中断1触发方式控制位。
  32          IE1（TCON.3），外部中断1中断请求标志位。
  33          
  34          TR0（TCON.4），启动 定时/计数器T0
  35          TF0（TCON.5），定时/计数器T0溢出中断请求标志位。
  36          TR1（TCON.6），启动 定时/计数器T1
  37          TF1（TCON.7），定时/计数器T1溢出中断请求标志位。
  38          
  39          
  40          TMOD 定时/计数器工作方式
  41          GATE是门控位
  42          C/T :定时/计数模式选择位。C/T ＝0为定时模式;C/T =1为计数模式。
  43          M1M0：工作方式设置位。定时/计数器有四种工作方式
  44          
  45          ***************************************************************************************/
  46          
  47          #include "reg52.h" //此文件中定义了单片机的一些特殊功能寄存器
  48          #include "Interrupt.h"
  49          #include "../Utility/delay.h"
  50          #include "../Utility/CommData.h"
  51          
  52          typedef unsigned int u16; // 对数据类型进行声明定义
  53          typedef unsigned char u8;
  54          
C51 COMPILER V9.54   INTERRUPT                                                             07/03/2024 22:49:23 PAGE 2   

  55          u8 n = 0;
  56          
  57          sbit k3 = P3 ^ 2;  // 定义按键K3
  58          sbit k4 = P3 ^ 3;  // 定义按键K4
  59          sbit led = P2 ^ 0; // 定义P20口是led
  60          
  61          void delay(u16 i)
  62          {
  63   1        while (i--)
  64   1          ;
  65   1      }
  66          
  67          void Int0Init()
  68          {
  69   1        // 设置INT0
  70   1        IT0 = 1; // 跳变沿出发方式（下降沿）
  71   1        EX0 = 1; // 打开INT0的中断允许。
  72   1        EA = 1;  // 打开总中断
  73   1      }
  74          
  75          void Int1Init()
  76          {
  77   1        // 设置INT1
  78   1        IT1 = 1; // 跳变沿出发方式（下降沿）
  79   1        EX1 = 1; // 打开INT1的中断允许。
  80   1        EA = 1;  // 打开总中断
  81   1      }
  82          
  83          void Timer0Init()
  84          {
  85   1        TMOD |= 0X01; // 选择为定时器0模式，工作方式1，仅用TR0打开启动。
  86   1      
  87   1        TH0 = 0XFC; // 给定时器赋初值，定时1ms
  88   1        TL0 = 0X18;
  89   1        ET0 = 1; // 打开定时器0中断允许
  90   1        EA = 1;  // 打开总中断
  91   1        TR0 = 1; // 打开定时器
  92   1      }
  93          
  94          void Timer1Init()
  95          {
  96   1        TMOD |= 0X10; // 选择为定时器1模式，工作方式1，仅用TR1打开启动。
  97   1      
  98   1        TH1 = 0XFC; // 给定时器赋初值，定时1ms
  99   1        TL1 = 0X18;
 100   1        ET1 = 1; // 打开定时器1中断允许
 101   1        EA = 1;  // 打开总中断
 102   1        TR1 = 1; // 打开定时器
 103   1      }
 104          
 105          void Int0() interrupt 0 // K3-P3^2-INT0 当 K3 按下 下降沿触发外部中断0
 106          {
 107   1        delay(1000); // 延时消抖
 108   1        if (k3 == 0)
 109   1        {
 110   2          led = ~led;
 111   2        }
 112   1      }
 113          
 114          void Int1() interrupt 2 // 外部中断1的中断函数
 115          {
 116   1        delay(1000); // 延时消抖
C51 COMPILER V9.54   INTERRUPT                                                             07/03/2024 22:49:23 PAGE 3   

 117   1        if (k4 == 0)
 118   1        {
 119   2          led = ~led;
 120   2        }
 121   1      }
 122          
 123          void Timer0() interrupt 1
 124          {
 125   1        static u16 i;
 126   1        TH0 = 0XFC; // 给定时器赋初值，定时1ms
 127   1        TL0 = 0X18;
 128   1        i++;
 129   1        if (i == 1000)
 130   1        {
 131   2          i = 0;
 132   2          led = ~led;
 133   2        }
 134   1      }
 135          
 136          void Timer1() interrupt 3
 137          {
 138   1        static u16 j;
 139   1        TH1 = 0XFC; // 给定时器赋初值，定时1ms
 140   1        TL1 = 0X18;
 141   1        j++;
 142   1        if (j == 1000)
 143   1        {
 144   2          j = 0;
 145   2          P0 = ~smgduan[n++];
 146   2          if (n == 16)
 147   2            n = 0;
 148   2        }
 149   1      }
 150          
 151          void TestINT0()
 152          {
 153   1        Int0Init(); //  设置外部中断0
 154   1        while (1)
 155   1          ;
 156   1      }
 157          
 158          void TestINT1()
 159          {
 160   1        Int1Init(); //  设置外部中断0
 161   1        while (1)
 162   1          ;
 163   1      }
 164          
 165          void TestTF0()
 166          {
 167   1        Timer0Init(); // 定时器0初始化
 168   1        while (1)
 169   1          ;
 170   1      }
 171          
 172          void TestTF1()
 173          {
 174   1        Timer1Init(); // 定时器0初始化
 175   1        while (1)
 176   1          ;
 177   1      }

C51 COMPILER V9.54   INTERRUPT                                                             07/03/2024 22:49:23 PAGE 4   


MODULE INFORMATION:   STATIC OVERLAYABLE
   CODE SIZE        =    292    ----
   CONSTANT SIZE    =   ----    ----
   XDATA SIZE       =      5    ----
   PDATA SIZE       =   ----    ----
   DATA SIZE        =   ----    ----
   IDATA SIZE       =   ----    ----
   BIT SIZE         =   ----    ----
END OF MODULE INFORMATION.


C51 COMPILATION COMPLETE.  0 WARNING(S),  0 ERROR(S)
